Archive member included to satisfy reference by file (symbol)

C:/Program Files/SEGGER/SEGGER Embedded Studio for ARM 5.68/lib/libc_v7em_t_le_eabi.a(libc2.o)
                              Output/Release/Obj/uart_pca10040e/main.o (puts)
C:/Program Files/SEGGER/SEGGER Embedded Studio for ARM 5.68/lib/libc_v7em_t_le_eabi.a(libc2_asm.o)
                              Output/Release/Obj/uart_pca10040e/nrf_memobj.o (memcpy)
C:/Program Files/SEGGER/SEGGER Embedded Studio for ARM 5.68/lib/libc_v7em_t_le_eabi.a(libvfprintf.o)
                              (__vfprintf_long)
C:/Program Files/SEGGER/SEGGER Embedded Studio for ARM 5.68/lib/libc_v7em_t_le_eabi.a(libvfscanf.o)
                              (__vfscanf_long)
C:/Program Files/SEGGER/SEGGER Embedded Studio for ARM 5.68/lib/libc_v7em_t_le_eabi.a(libc.o)
                              C:/Program Files/SEGGER/SEGGER Embedded Studio for ARM 5.68/lib/libc_v7em_t_le_eabi.a(libc2.o) (__heap_lock)
C:/Program Files/SEGGER/SEGGER Embedded Studio for ARM 5.68/lib/libc_v7em_t_le_eabi.a(libc_asm.o)
                              C:/Program Files/SEGGER/SEGGER Embedded Studio for ARM 5.68/lib/libc_v7em_t_le_eabi.a(libc2.o) (__aeabi_uldivmod)
C:/Program Files/SEGGER/SEGGER Embedded Studio for ARM 5.68/lib/libdebugio_v7em_t_le_eabi.a(libdebugio.o)
                              Output/Release/Obj/uart_pca10040e/thumb_crt0.o (debug_fopen)
C:/Program Files/SEGGER/SEGGER Embedded Studio for ARM 5.68/lib/libdebugio_v7em_t_le_eabi.a(do_nv_debug_operation.o)
                              C:/Program Files/SEGGER/SEGGER Embedded Studio for ARM 5.68/lib/libdebugio_v7em_t_le_eabi.a(libdebugio.o) (__do_nvdebug_operation)
C:/Program Files/SEGGER/SEGGER Embedded Studio for ARM 5.68/lib/libdebugio_v7em_t_le_eabi.a(mempoll_debug_operations.o)
                              (__do_debug_operation_mempoll)
C:/Program Files/SEGGER/SEGGER Embedded Studio for ARM 5.68/lib/libm_v7em_t_le_eabi.a(libm_asm.o)
                              C:/Program Files/SEGGER/SEGGER Embedded Studio for ARM 5.68/lib/libc_v7em_t_le_eabi.a(libc2.o) (__aeabi_fadd)
C:/Program Files/SEGGER/SEGGER Embedded Studio for ARM 5.68/lib/libm_v7em_t_le_eabi.a(libm2.o)
                              C:/Program Files/SEGGER/SEGGER Embedded Studio for ARM 5.68/lib/libc_v7em_t_le_eabi.a(libvfprintf.o) (frexp)

Discarded input sections

 .text          0x0000000000000000        0x0 Output/Release/Obj/uart_pca10040e/thumb_crt0.o
 .data          0x0000000000000000        0x0 Output/Release/Obj/uart_pca10040e/thumb_crt0.o
 .bss           0x0000000000000000        0x0 Output/Release/Obj/uart_pca10040e/thumb_crt0.o
 .text.__aeabi_read_tp
                0x0000000000000000        0x8 Output/Release/Obj/uart_pca10040e/thumb_crt0.o
 .text.abort    0x0000000000000000        0x2 Output/Release/Obj/uart_pca10040e/thumb_crt0.o
 .text.__assert
                0x0000000000000000        0x2 Output/Release/Obj/uart_pca10040e/thumb_crt0.o
 .text.__assert_func
                0x0000000000000000        0x2 Output/Release/Obj/uart_pca10040e/thumb_crt0.o
 .text.__aeabi_assert
                0x0000000000000000        0x2 Output/Release/Obj/uart_pca10040e/thumb_crt0.o
 .text.__sync_synchronize
                0x0000000000000000        0x2 Output/Release/Obj/uart_pca10040e/thumb_crt0.o
 .text.__getchar
                0x0000000000000000        0x4 Output/Release/Obj/uart_pca10040e/thumb_crt0.o
 .text.__putchar
                0x0000000000000000        0x4 Output/Release/Obj/uart_pca10040e/thumb_crt0.o
 .text.__open   0x0000000000000000        0x4 Output/Release/Obj/uart_pca10040e/thumb_crt0.o
 .text.__close  0x0000000000000000        0x4 Output/Release/Obj/uart_pca10040e/thumb_crt0.o
 .text.__write  0x0000000000000000        0xa Output/Release/Obj/uart_pca10040e/thumb_crt0.o
 .text.__read   0x0000000000000000        0xa Output/Release/Obj/uart_pca10040e/thumb_crt0.o
 .text.__seek   0x0000000000000000       0x1a Output/Release/Obj/uart_pca10040e/thumb_crt0.o
 .text.remove   0x0000000000000000        0x4 Output/Release/Obj/uart_pca10040e/thumb_crt0.o
 .text.rename   0x0000000000000000        0x4 Output/Release/Obj/uart_pca10040e/thumb_crt0.o
 .bss.__user_locale_name_buffer
                0x0000000000000000        0x4 Output/Release/Obj/uart_pca10040e/thumb_crt0.o
 .stack         0x0000000000000000        0x0 Output/Release/Obj/uart_pca10040e/thumb_crt0.o
 .stack_process
                0x0000000000000000        0x0 Output/Release/Obj/uart_pca10040e/thumb_crt0.o
 .heap          0x0000000000000000        0x0 Output/Release/Obj/uart_pca10040e/thumb_crt0.o
 .group         0x0000000000000000        0xc Output/Release/Obj/uart_pca10040e/nrf_log_frontend.o
 .group         0x0000000000000000        0xc Output/Release/Obj/uart_pca10040e/nrf_log_frontend.o
 .group         0x0000000000000000        0xc Output/Release/Obj/uart_pca10040e/nrf_log_frontend.o
 .group         0x0000000000000000        0xc Output/Release/Obj/uart_pca10040e/nrf_log_frontend.o
[...]
Memory Configuration

Name             Origin             Length             Attributes
UNPLACED_SECTIONS 0x0000000100000000 0x0000000000000000 xw
RAM1             0x0000000020000000 0x0000000000006000 xw
FLASH1           0x0000000000000000 0x0000000000030000 xw
*default*        0x0000000000000000 0xffffffffffffffff

Linker script and memory map

                0x0000000000000000                __do_debug_operation = __do_debug_operation_mempoll
                0x0000000000000000                __vfprintf = __vfprintf_long
                0x0000000000000000                __vfscanf = __vfscanf_long
                0x0000000020000000                __RAM1_segment_start__ = 0x20000000
                0x0000000020006000                __RAM1_segment_end__ = 0x20006000
                0x0000000000006000                __RAM1_segment_size__ = 0x6000
                0x0000000000000000                __FLASH1_segment_start__ = 0x0
                0x0000000000030000                __FLASH1_segment_end__ = 0x30000
                0x0000000000030000                __FLASH1_segment_size__ = 0x30000
                0x0000000000000800                __HEAPSIZE__ = 0x800
                0x0000000000000000                __STACKSIZE_PROCESS__ = 0x0
                0x0000000000000800                __STACKSIZE__ = 0x800
                0x0000000020000000                __vectors_ram_load_start__ = 0x20000000

.vectors_ram    0x0000000020000000        0x0
                0x0000000020000000                __vectors_ram_start__ = .
                0x0000000020000000                __app_ram_start__ = __vectors_ram_start__
 *(.vectors_ram .vectors_ram.*)
                0x0000000020000000                __vectors_ram_end__ = (__vectors_ram_start__ + SIZEOF (.vectors_ram))
                0x0000000000000000                __vectors_ram_size__ = SIZEOF (.vectors_ram)
                0x0000000020000000                __vectors_ram_load_end__ = __vectors_ram_end__
                0x0000000000000001                . = ASSERT (((__vectors_ram_start__ == __vectors_ram_end__) || ((__vectors_ram_end__ - __RAM1_segment_start__) <= __RAM1_segment_size__)), error: .vectors_ram is too large to fit in RAM1 memory segment)
                0x0000000020000000                __nrf_sections_run_load_start__ = ALIGN (__vectors_ram_end__, 0x4)

.nrf_sections_run
                0x0000000020000000        0x0
                0x0000000020000000                __nrf_sections_run_start__ = .
                0x0000000020000000                __start_nrf_sections_run = __nrf_sections_run_start__
 *(.nrf_sections_run .nrf_sections_run.*)
                0x0000000020000000                __nrf_sections_run_end__ = (__nrf_sections_run_start__ + SIZEOF (.nrf_sections_run))
                0x0000000000000000                __nrf_sections_run_size__ = SIZEOF (.nrf_sections_run)
                0x0000000020000000                __nrf_sections_run_load_end__ = __nrf_sections_run_end__
                0x0000000000000001                . = ASSERT (((__nrf_sections_run_start__ == __nrf_sections_run_end__) || ((__nrf_sections_run_end__ - __RAM1_segment_start__) <= __RAM1_segment_size__)), error: .nrf_sections_run is too large to fit in RAM1 memory segment)
                0x0000000000000000                __vectors_load_start__ = 0x0

.vectors        0x0000000000000000      0x200
                0x0000000000000000                __vectors_start__ = .
 *(.vectors .vectors.*)
 .vectors       0x0000000000000000      0x200 Output/Release/Obj/uart_pca10040e/ses_startup_nrf52810.o
                0x0000000000000000                _vectors
                0x0000000000000200                __vectors_end__ = (__vectors_start__ + SIZEOF (.vectors))
                0x0000000000000200                __vectors_size__ = SIZEOF (.vectors)
                0x0000000000000200                __vectors_load_end__ = __vectors_end__
                0x0000000000000001                . = ASSERT (((__vectors_start__ == __vectors_end__) || ((__vectors_end__ - __FLASH1_segment_start__) <= __FLASH1_segment_size__)), error: .vectors is too large to fit in FLASH1 memory segment)
                0x0000000000000200                __init_load_start__ = ALIGN (__vectors_end__, 0x4)

.init           0x0000000000000200      0x1ec
                0x0000000000000200                __init_start__ = .
 *(.init .init.*)
 .init          0x0000000000000200      0x15c Output/Release/Obj/uart_pca10040e/thumb_crt0.o
                0x0000000000000200                _start
                0x00000000000002b4                exit
 .init          0x000000000000035c       0x48 Output/Release/Obj/uart_pca10040e/ses_startup_nrf52810.o
                0x000000000000035c                NMI_Handler
                0x000000000000035e                HardFault_Handler
                0x0000000000000360                MemoryManagement_Handler
                0x0000000000000362                BusFault_Handler
                0x0000000000000364                UsageFault_Handler
                0x0000000000000366                SVC_Handler
                0x0000000000000368                DebugMon_Handler
                0x000000000000036a                PendSV_Handler
                0x000000000000036c                SysTick_Handler
                0x000000000000036e                SWI0_EGU0_IRQHandler
                0x000000000000036e                POWER_CLOCK_IRQHandler
                0x000000000000036e                RADIO_IRQHandler
                0x000000000000036e                PDM_IRQHandler
                0x000000000000036e                RTC0_IRQHandler
                0x000000000000036e                TEMP_IRQHandler
                0x000000000000036e                QDEC_IRQHandler
                0x000000000000036e                GPIOTE_IRQHandler
                0x000000000000036e                SWI5_IRQHandler
                0x000000000000036e                Dummy_Handler
                0x000000000000036e                TIMER1_IRQHandler
                0x000000000000036e                ECB_IRQHandler
                0x000000000000036e                SWI3_IRQHandler
                0x000000000000036e                SPIM0_SPIS0_SPI0_IRQHandler
                0x000000000000036e                CCM_AAR_IRQHandler
                0x000000000000036e                WDT_IRQHandler
                0x000000000000036e                SWI4_IRQHandler
                0x000000000000036e                SWI2_IRQHandler
                0x000000000000036e                RNG_IRQHandler
                0x000000000000036e                COMP_IRQHandler
                0x000000000000036e                PWM0_IRQHandler
                0x000000000000036e                RTC1_IRQHandler
                0x000000000000036e                SWI1_EGU1_IRQHandler
                0x000000000000036e                TIMER2_IRQHandler
                0x0000000000000370                nRFInitialize
 .init          0x00000000000003a4       0x48 Output/Release/Obj/uart_pca10040e/ses_startup_nrf_common.o
                0x00000000000003a4                Reset_Handler
                0x00000000000003a8                afterInitialize
                0x00000000000003ba                InitializeUserMemorySections
                0x00000000000003ec                __init_end__ = (__init_start__ + SIZEOF (.init))
                0x00000000000001ec                __init_size__ = SIZEOF (.init)
                0x00000000000003ec                __init_load_end__ = __init_end__
                0x0000000000000001                . = ASSERT (((__init_start__ == __init_end__) || ((__init_end__ - __FLASH1_segment_start__) <= __FLASH1_segment_size__)), error: .init is too large to fit in FLASH1 memory segment)
                0x00000000000003ec                __init_rodata_load_start__ = ALIGN (__init_end__, 0x4)

.init_rodata    0x00000000000003ec        0x0
                0x00000000000003ec                __init_rodata_start__ = .
 *(.init_rodata .init_rodata.*)
                0x00000000000003ec                __init_rodata_end__ = (__init_rodata_start__ + SIZEOF (.init_rodata))
                0x0000000000000000                __init_rodata_size__ = SIZEOF (.init_rodata)
                0x00000000000003ec                __init_rodata_load_end__ = __init_rodata_end__
                0x0000000000000001                . = ASSERT (((__init_rodata_start__ == __init_rodata_end__) || ((__init_rodata_end__ - __FLASH1_segment_start__) <= __FLASH1_segment_size__)), error: .init_rodata is too large to fit in FLASH1 memory segment)
                0x00000000000003ec                __text_load_start__ = ALIGN (__init_rodata_end__, 0x4)

.text           0x00000000000003ec     0x2110
                0x00000000000003ec                __text_start__ = .
 *(.text .text.* .glue_7t .glue_7 .gnu.linkonce.t.* .gcc_except_table .ARM.extab* .gnu.linkonce.armextab.*)
 .glue_7        0x00000000000003ec        0x0 linker stubs
 .glue_7t       0x00000000000003ec        0x0 linker stubs
 .text.bsp_board_led_off
                0x00000000000003ec       0x18 Output/Release/Obj/uart_pca10040e/boards.o
                0x00000000000003ec                bsp_board_led_off
 .text.bsp_board_leds_off
                0x0000000000000404       0x1e Output/Release/Obj/uart_pca10040e/boards.o
                0x0000000000000404                bsp_board_leds_off
 .text.bsp_board_init
                0x0000000000000422       0x3e Output/Release/Obj/uart_pca10040e/boards.o
                0x0000000000000422                bsp_board_init
 .text.app_error_handler_bare
                0x0000000000000460       0x1a Output/Release/Obj/uart_pca10040e/app_error.o
                0x0000000000000460                app_error_handler_bare
 *fill*         0x000000000000047a        0x2 
 .text.app_error_fault_handler
                0x000000000000047c       0x30 Output/Release/Obj/uart_pca10040e/app_error_weak.o
                0x000000000000047c                app_error_fault_handler
 .text.app_fifo_init
                0x00000000000004ac       0x22 Output/Release/Obj/uart_pca10040e/app_fifo.o
                0x00000000000004ac                app_fifo_init
 .text.app_fifo_put
                0x00000000000004ce       0x24 Output/Release/Obj/uart_pca10040e/app_fifo.o
                0x00000000000004ce                app_fifo_put
 .text.app_fifo_get
                0x00000000000004f2       0x22 Output/Release/Obj/uart_pca10040e/app_fifo.o
                0x00000000000004f2                app_fifo_get
 .text.nrf_drv_uart_rx.constprop.0
                0x0000000000000514       0x28 Output/Release/Obj/uart_pca10040e/app_uart_fifo.o
 .text.nrf_drv_uart_tx.constprop.0
                0x000000000000053c       0x28 Output/Release/Obj/uart_pca10040e/app_uart_fifo.o
 .text.uart_event_handler
                0x0000000000000564       0xa0 Output/Release/Obj/uart_pca10040e/app_uart_fifo.o
 .text.app_uart_init
                0x0000000000000604       0xb0 Output/Release/Obj/uart_pca10040e/app_uart_fifo.o
                0x0000000000000604                app_uart_init
 .text.app_uart_put
                0x00000000000006b4       0x50 Output/Release/Obj/uart_pca10040e/app_uart_fifo.o
                0x00000000000006b4                app_uart_put
 .text.app_util_disable_irq
                0x0000000000000704       0x10 Output/Release/Obj/uart_pca10040e/app_util_platform.o
                0x0000000000000704                app_util_disable_irq
 .text.app_util_enable_irq
                0x0000000000000714       0x14 Output/Release/Obj/uart_pca10040e/app_util_platform.o
                0x0000000000000714                app_util_enable_irq
 .text.app_util_critical_region_enter
                0x0000000000000728        0x4 Output/Release/Obj/uart_pca10040e/app_util_platform.o
                0x0000000000000728                app_util_critical_region_enter
 .text.app_util_critical_region_exit
                0x000000000000072c        0x4 Output/Release/Obj/uart_pca10040e/app_util_platform.o
                0x000000000000072c                app_util_critical_region_exit
 .text.__putchar
                0x0000000000000730        0xe Output/Release/Obj/uart_pca10040e/retarget.o
                0x0000000000000730                __putchar
 *fill*         0x000000000000073e        0x2 
 .text.uarte_evt_handler
                0x0000000000000740       0x34 Output/Release/Obj/uart_pca10040e/nrf_drv_uart.o
 .text.uart_evt_handler
                0x0000000000000774       0x34 Output/Release/Obj/uart_pca10040e/nrf_drv_uart.o
 .text.nrf_drv_uart_init
                0x00000000000007a8       0x7c Output/Release/Obj/uart_pca10040e/nrf_drv_uart.o
                0x00000000000007a8                nrf_drv_uart_init
 .text.UARTE0_UART0_IRQHandler
                0x0000000000000824        0xc Output/Release/Obj/uart_pca10040e/nrfx_prs.o
                0x0000000000000824                UARTE0_UART0_IRQHandler
 .text.nrfx_prs_acquire
                0x0000000000000830       0x38 Output/Release/Obj/uart_pca10040e/nrfx_prs.o
                0x0000000000000830                nrfx_prs_acquire
 .text.nrf_uart_event_clear
                0x0000000000000868       0x10 Output/Release/Obj/uart_pca10040e/nrfx_uart.o
 .text.tx_byte  0x0000000000000878       0x1e Output/Release/Obj/uart_pca10040e/nrfx_uart.o
 .text.rx_enable
                0x0000000000000896       0x20 Output/Release/Obj/uart_pca10040e/nrfx_uart.o
 .text.rx_byte  0x00000000000008b6       0x2c Output/Release/Obj/uart_pca10040e/nrfx_uart.o
 *fill*         0x00000000000008e2        0x2 
 .text.rx_done_event.constprop.0
                0x00000000000008e4       0x20 Output/Release/Obj/uart_pca10040e/nrfx_uart.o
 .text.nrfx_uart_0_irq_handler
                0x0000000000000904      0x140 Output/Release/Obj/uart_pca10040e/nrfx_uart.o
                0x0000000000000904                nrfx_uart_0_irq_handler
 .text.nrfx_uart_init
                0x0000000000000a44      0x168 Output/Release/Obj/uart_pca10040e/nrfx_uart.o
                0x0000000000000a44                nrfx_uart_init
 .text.nrfx_uart_tx_in_progress
                0x0000000000000bac       0x18 Output/Release/Obj/uart_pca10040e/nrfx_uart.o
                0x0000000000000bac                nrfx_uart_tx_in_progress
 .text.nrfx_uart_tx
                0x0000000000000bc4       0xa0 Output/Release/Obj/uart_pca10040e/nrfx_uart.o
                0x0000000000000bc4                nrfx_uart_tx
 .text.nrfx_uart_rx
                0x0000000000000c64       0xf4 Output/Release/Obj/uart_pca10040e/nrfx_uart.o
                0x0000000000000c64                nrfx_uart_rx
 .text.nrf_uarte_event_clear
                0x0000000000000d58       0x10 Output/Release/Obj/uart_pca10040e/nrfx_uarte.o
 .text.rx_done_event.constprop.0
                0x0000000000000d68       0x20 Output/Release/Obj/uart_pca10040e/nrfx_uarte.o
 .text.nrfx_uarte_0_irq_handler
                0x0000000000000d88      0x118 Output/Release/Obj/uart_pca10040e/nrfx_uarte.o
                0x0000000000000d88                nrfx_uarte_0_irq_handler
 .text.nrfx_uarte_init
                0x0000000000000ea0      0x184 Output/Release/Obj/uart_pca10040e/nrfx_uarte.o
                0x0000000000000ea0                nrfx_uarte_init
 .text.nrfx_uarte_tx_in_progress
                0x0000000000001024       0x18 Output/Release/Obj/uart_pca10040e/nrfx_uarte.o
                0x0000000000001024                nrfx_uarte_tx_in_progress
 .text.nrfx_uarte_tx
                0x000000000000103c       0x9c Output/Release/Obj/uart_pca10040e/nrfx_uarte.o
                0x000000000000103c                nrfx_uarte_tx
 .text.nrfx_uarte_rx
                0x00000000000010d8       0xd8 Output/Release/Obj/uart_pca10040e/nrfx_uarte.o
                0x00000000000010d8                nrfx_uarte_rx
 .text.twim_evt_handler
                0x00000000000011b0       0x40 Output/Release/Obj/uart_pca10040e/nrf_drv_twi.o
 .text.nrfx_coredep_delay_us.part.0.constprop.0
                0x00000000000011f0       0x10 Output/Release/Obj/uart_pca10040e/nrf_drv_twi.o
 .text.nrf_drv_twi_init
                0x0000000000001200       0xe0 Output/Release/Obj/uart_pca10040e/nrf_drv_twi.o
                0x0000000000001200                nrf_drv_twi_init
 .text.nrf_twim_event_clear
                0x00000000000012e0       0x10 Output/Release/Obj/uart_pca10040e/nrfx_twim.o
 .text.xfer_completeness_check
                0x00000000000012f0       0x60 Output/Release/Obj/uart_pca10040e/nrfx_twim.o
 .text.TWIM0_TWIS0_TWI0_IRQHandler
                0x0000000000001350      0x17c Output/Release/Obj/uart_pca10040e/nrfx_twim.o
                0x0000000000001350                TWIM0_TWIS0_TWI0_IRQHandler
 .text.nrfx_twim_init
                0x00000000000014cc       0xd8 Output/Release/Obj/uart_pca10040e/nrfx_twim.o
                0x00000000000014cc                nrfx_twim_init
 .text.nrfx_twim_enable
                0x00000000000015a4       0x20 Output/Release/Obj/uart_pca10040e/nrfx_twim.o
                0x00000000000015a4                nrfx_twim_enable
 .text.nrfx_twim_xfer
                0x00000000000015c4      0x2d4 Output/Release/Obj/uart_pca10040e/nrfx_twim.o
                0x00000000000015c4                nrfx_twim_xfer
 .text.nrfx_twim_tx
                0x0000000000001898       0x2c Output/Release/Obj/uart_pca10040e/nrfx_twim.o
                0x0000000000001898                nrfx_twim_tx
 .text.nrfx_twim_rx
                0x00000000000018c4       0x24 Output/Release/Obj/uart_pca10040e/nrfx_twim.o
                0x00000000000018c4                nrfx_twim_rx
 .text.nrf_drv_ppi_init
                0x00000000000018e8       0x14 Output/Release/Obj/uart_pca10040e/nrf_drv_ppi.o
                0x00000000000018e8                nrf_drv_ppi_init
 .text.nrfx_ppi_channel_alloc
                0x00000000000018fc       0x5c Output/Release/Obj/uart_pca10040e/nrfx_ppi.o
                0x00000000000018fc                nrfx_ppi_channel_alloc
 .text.nrfx_ppi_channel_assign
                0x0000000000001958       0x40 Output/Release/Obj/uart_pca10040e/nrfx_ppi.o
                0x0000000000001958                nrfx_ppi_channel_assign
 .text.nrfx_ppi_channel_enable
                0x0000000000001998       0x2c Output/Release/Obj/uart_pca10040e/nrfx_ppi.o
                0x0000000000001998                nrfx_ppi_channel_enable
 .text.nrf_saadc_event_clear
                0x00000000000019c4       0x18 Output/Release/Obj/uart_pca10040e/nrfx_saadc.o
 .text.SAADC_IRQHandler
                0x00000000000019dc      0x154 Output/Release/Obj/uart_pca10040e/nrfx_saadc.o
                0x00000000000019dc                SAADC_IRQHandler
 .text.nrfx_saadc_init
                0x0000000000001b30       0x90 Output/Release/Obj/uart_pca10040e/nrfx_saadc.o
                0x0000000000001b30                nrfx_saadc_init
 .text.nrfx_saadc_channel_init
                0x0000000000001bc0       0xb4 Output/Release/Obj/uart_pca10040e/nrfx_saadc.o
                0x0000000000001bc0                nrfx_saadc_channel_init
 .text.nrfx_saadc_sample_task_get
                0x0000000000001c74       0x1c Output/Release/Obj/uart_pca10040e/nrfx_saadc.o
                0x0000000000001c74                nrfx_saadc_sample_task_get
 .text.nrfx_saadc_buffer_convert
                0x0000000000001c90       0xa4 Output/Release/Obj/uart_pca10040e/nrfx_saadc.o
                0x0000000000001c90                nrfx_saadc_buffer_convert
 .text.nrfx_timer_init
                0x0000000000001d34       0xd0 Output/Release/Obj/uart_pca10040e/nrfx_timer.o
                0x0000000000001d34                nrfx_timer_init
 .text.nrfx_timer_enable
                0x0000000000001e04       0x1c Output/Release/Obj/uart_pca10040e/nrfx_timer.o
                0x0000000000001e04                nrfx_timer_enable
 .text.nrfx_timer_compare
                0x0000000000001e20       0x32 Output/Release/Obj/uart_pca10040e/nrfx_timer.o
                0x0000000000001e20                nrfx_timer_compare
 .text.nrfx_timer_extended_compare
                0x0000000000001e52       0x2a Output/Release/Obj/uart_pca10040e/nrfx_timer.o
                0x0000000000001e52                nrfx_timer_extended_compare
 .text.TIMER0_IRQHandler
                0x0000000000001e7c       0x54 Output/Release/Obj/uart_pca10040e/nrfx_timer.o
                0x0000000000001e7c                TIMER0_IRQHandler
 .text.timer_handler
                0x0000000000001ed0        0x2 Output/Release/Obj/uart_pca10040e/main.o
                0x0000000000001ed0                timer_handler
 *fill*         0x0000000000001ed2        0x2 
 .text.twi_handler
                0x0000000000001ed4       0x10 Output/Release/Obj/uart_pca10040e/main.o
                0x0000000000001ed4                twi_handler
 .text.uart_error_handle
                0x0000000000001ee4       0x12 Output/Release/Obj/uart_pca10040e/main.o
                0x0000000000001ee4                uart_error_handle
 *fill*         0x0000000000001ef6        0x2 
 .text.saadc_callback
                0x0000000000001ef8       0x24 Output/Release/Obj/uart_pca10040e/main.o
                0x0000000000001ef8                saadc_callback
 .text.saadc_sampling_event_init
                0x0000000000001f1c       0x88 Output/Release/Obj/uart_pca10040e/main.o
                0x0000000000001f1c                saadc_sampling_event_init
 .text.saadc_sampling_event_enable
                0x0000000000001fa4       0x1c Output/Release/Obj/uart_pca10040e/main.o
                0x0000000000001fa4                saadc_sampling_event_enable
 .text.saadc_init
                0x0000000000001fc0       0x64 Output/Release/Obj/uart_pca10040e/main.o
                0x0000000000001fc0                saadc_init
 .text.LM75B_set_mode
                0x0000000000002024       0x54 Output/Release/Obj/uart_pca10040e/main.o
                0x0000000000002024                LM75B_set_mode
 .text.twi_init
                0x0000000000002078       0x40 Output/Release/Obj/uart_pca10040e/main.o
                0x0000000000002078                twi_init
 .text.startup.main
                0x00000000000020b8       0xb4 Output/Release/Obj/uart_pca10040e/main.o
                0x00000000000020b8                main
 .text.__NVIC_SystemReset
                0x000000000000216c       0x24 Output/Release/Obj/uart_pca10040e/system_nrf52810.o
 .text.nrf52_errata_12
                0x0000000000002190       0x1c Output/Release/Obj/uart_pca10040e/system_nrf52810.o
 .text.nrf52_errata_16
                0x00000000000021ac       0x28 Output/Release/Obj/uart_pca10040e/system_nrf52810.o
 .text.nrf52_errata_31
                0x00000000000021d4       0x26 Output/Release/Obj/uart_pca10040e/system_nrf52810.o
 *fill*         0x00000000000021fa        0x2 
 .text.nvmc_wait
                0x00000000000021fc       0x10 Output/Release/Obj/uart_pca10040e/system_nrf52810.o
                0x00000000000021fc                nvmc_wait
 .text.SystemInit
                0x000000000000220c      0x2b4 Output/Release/Obj/uart_pca10040e/system_nrf52810.o
                0x000000000000220c                SystemInit
 .text.libc.puts
                0x00000000000024c0       0x34 C:/Program Files/SEGGER/SEGGER Embedded Studio for ARM 5.68/lib/libc_v7em_t_le_eabi.a(libc2.o)
                0x00000000000024c0                puts
 .text.libc.__printf_lock
                0x00000000000024f4        0x4 C:/Program Files/SEGGER/SEGGER Embedded Studio for ARM 5.68/lib/libc_v7em_t_le_eabi.a(libc.o)
                0x00000000000024f4                __printf_lock
 .text.libc.__printf_unlock
                0x00000000000024f8        0x4 C:/Program Files/SEGGER/SEGGER Embedded Studio for ARM 5.68/lib/libc_v7em_t_le_eabi.a(libc.o)
                0x00000000000024f8                __printf_unlock
                0x00000000000024fc                . = ALIGN (MAX ((__text_start__ + 0x4), .), 0x4)
                0x00000000000024fc                __text_end__ = (__text_start__ + SIZEOF (.text))
                0x0000000000002110                __text_size__ = SIZEOF (.text)
                0x00000000000024fc                __text_load_end__ = __text_end__

.vfp11_veneer   0x0000000100000000        0x0
 .vfp11_veneer  0x0000000100000000        0x0 linker stubs

.v4_bx          0x0000000100000000        0x0
 .v4_bx         0x0000000100000000        0x0 linker stubs

.iplt           0x0000000100000000        0x0
 .iplt          0x0000000100000000        0x0 Output/Release/Obj/uart_pca10040e/thumb_crt0.o
                0x0000000000000001                . = ASSERT (((__text_start__ == __text_end__) || ((__text_end__ - __FLASH1_segment_start__) <= __FLASH1_segment_size__)), error: .text is too large to fit in FLASH1 memory segment)
                0x00000000000024fc                __log_const_data_load_start__ = ALIGN (__text_end__, 0x4)

.log_const_data
                0x00000000000024fc        0x0
                0x00000000000024fc                __log_const_data_start__ = .
                0x00000000000024fc                __start_log_const_data = __log_const_data_start__
 *(SORT_BY_NAME(.log_const_data*))
                0x00000000000024fc                __log_const_data_end__ = (__log_const_data_start__ + SIZEOF (.log_const_data))
                0x0000000000000000                __log_const_data_size__ = SIZEOF (.log_const_data)
                0x00000000000024fc                __stop_log_const_data = __log_const_data_end__
                0x00000000000024fc                __log_const_data_load_end__ = __log_const_data_end__
                0x0000000000000001                . = ASSERT (((__log_const_data_start__ == __log_const_data_end__) || ((__log_const_data_end__ - __FLASH1_segment_start__) <= __FLASH1_segment_size__)), error: .log_const_data is too large to fit in FLASH1 memory segment)
                0x00000000000024fc                __log_backends_load_start__ = ALIGN (__log_const_data_end__, 0x4)

.log_backends   0x00000000000024fc        0x0
                0x00000000000024fc                __log_backends_start__ = .
                0x00000000000024fc                __start_log_backends = __log_backends_start__
 *(SORT_BY_NAME(.log_backends*))
                0x00000000000024fc                __log_backends_end__ = (__log_backends_start__ + SIZEOF (.log_backends))
                0x0000000000000000                __log_backends_size__ = SIZEOF (.log_backends)
                0x00000000000024fc                __stop_log_backends = __log_backends_end__
                0x00000000000024fc                __log_backends_load_end__ = __log_backends_end__
                0x0000000000000001                . = ASSERT (((__log_backends_start__ == __log_backends_end__) || ((__log_backends_end__ - __FLASH1_segment_start__) <= __FLASH1_segment_size__)), error: .log_backends is too large to fit in FLASH1 memory segment)
                0x00000000000024fc                __nrf_balloc_load_start__ = ALIGN (__log_backends_end__, 0x4)

.nrf_balloc     0x00000000000024fc        0x0
                0x00000000000024fc                __nrf_balloc_start__ = .
                0x00000000000024fc                __start_nrf_balloc = __nrf_balloc_start__
 *(.nrf_balloc*)
                0x00000000000024fc                __nrf_balloc_end__ = (__nrf_balloc_start__ + SIZEOF (.nrf_balloc))
                0x0000000000000000                __nrf_balloc_size__ = SIZEOF (.nrf_balloc)
                0x00000000000024fc                __stop_nrf_balloc = __nrf_balloc_end__
                0x00000000000024fc                __nrf_balloc_load_end__ = __nrf_balloc_end__
                0x0000000000000001                . = ASSERT (((__nrf_balloc_start__ == __nrf_balloc_end__) || ((__nrf_balloc_end__ - __FLASH1_segment_start__) <= __FLASH1_segment_size__)), error: .nrf_balloc is too large to fit in FLASH1 memory segment)
                0x00000000000024fc                __nrf_sections_load_start__ = ALIGN (__nrf_balloc_end__, 0x4)

.nrf_sections   0x00000000000024fc        0x0
                0x00000000000024fc                __nrf_sections_start__ = .
                0x00000000000024fc                __start_nrf_sections = __nrf_sections_start__
 *(.nrf_sections .nrf_sections.*)
                0x00000000000024fc                __nrf_sections_end__ = (__nrf_sections_start__ + SIZEOF (.nrf_sections))
                0x0000000000000000                __nrf_sections_size__ = SIZEOF (.nrf_sections)
                0x00000000000024fc                __nrf_sections_load_end__ = __nrf_sections_end__
                0x0000000000000001                . = ASSERT (((__nrf_sections_start__ == __nrf_sections_end__) || ((__nrf_sections_end__ - __FLASH1_segment_start__) <= __FLASH1_segment_size__)), error: .nrf_sections is too large to fit in FLASH1 memory segment)
                0x00000000000024fc                __log_dynamic_data_load_start__ = ALIGN (__nrf_sections_end__, 0x4)

.log_dynamic_data
                0x0000000020000000        0x0 load address 0x00000000000024fc
                0x0000000020000000                __log_dynamic_data_start__ = .
 *(SORT_BY_NAME(.log_dynamic_data*))
                0x0000000020000000                __log_dynamic_data_end__ = (__log_dynamic_data_start__ + SIZEOF (.log_dynamic_data))
                0x0000000000000000                __log_dynamic_data_size__ = SIZEOF (.log_dynamic_data)
                0x00000000000024fc                __log_dynamic_data_load_end__ = (__log_dynamic_data_load_start__ + SIZEOF (.log_dynamic_data))
                0x0000000000000001                . = ASSERT (((__log_dynamic_data_load_start__ == __log_dynamic_data_load_end__) || ((__log_dynamic_data_load_end__ - __FLASH1_segment_start__) <= __FLASH1_segment_size__)), error: .log_dynamic_data is too large to fit in FLASH1 memory segment)

.log_dynamic_data_run
                0x0000000020000000        0x0
                0x0000000020000000                __log_dynamic_data_run_start__ = .
                0x0000000020000000                __start_log_dynamic_data = __log_dynamic_data_run_start__
                0x0000000020000000                __log_dynamic_data_run_end__ = (__log_dynamic_data_run_start__ + SIZEOF (.log_dynamic_data))
                0x0000000000000000                __log_dynamic_data_run_size__ = (__log_dynamic_data_run_end__ - __log_dynamic_data_run_start__)
                0x0000000020000000                __stop_log_dynamic_data = __log_dynamic_data_run_end__
                0x0000000020000000                __log_dynamic_data_run_load_end__ = __log_dynamic_data_run_end__
                0x0000000000000001                . = ASSERT (((__log_dynamic_data_run_start__ == __log_dynamic_data_run_end__) || ((__log_dynamic_data_run_end__ - __RAM1_segment_start__) <= __RAM1_segment_size__)), error: .log_dynamic_data_run is too large to fit in RAM1 memory segment)
                0x00000000000024fc                __log_filter_data_load_start__ = ALIGN ((__log_dynamic_data_load_start__ + SIZEOF (.log_dynamic_data)), 0x4)

.log_filter_data
                0x0000000020000000        0x0 load address 0x00000000000024fc
                0x0000000020000000                __log_filter_data_start__ = .
 *(SORT_BY_NAME(.log_filter_data*))
                0x0000000020000000                __log_filter_data_end__ = (__log_filter_data_start__ + SIZEOF (.log_filter_data))
                0x0000000000000000                __log_filter_data_size__ = SIZEOF (.log_filter_data)
                0x00000000000024fc                __log_filter_data_load_end__ = (__log_filter_data_load_start__ + SIZEOF (.log_filter_data))
                0x0000000000000001                . = ASSERT (((__log_filter_data_load_start__ == __log_filter_data_load_end__) || ((__log_filter_data_load_end__ - __FLASH1_segment_start__) <= __FLASH1_segment_size__)), error: .log_filter_data is too large to fit in FLASH1 memory segment)

.log_filter_data_run
                0x0000000020000000        0x0
                0x0000000020000000                __log_filter_data_run_start__ = .
                0x0000000020000000                __start_log_filter_data = __log_filter_data_run_start__
                0x0000000020000000                __log_filter_data_run_end__ = (__log_filter_data_run_start__ + SIZEOF (.log_filter_data))
                0x0000000000000000                __log_filter_data_run_size__ = (__log_filter_data_run_end__ - __log_filter_data_run_start__)
                0x0000000020000000                __stop_log_filter_data = __log_filter_data_run_end__
                0x0000000020000000                __log_filter_data_run_load_end__ = __log_filter_data_run_end__
                0x0000000000000001                . = ASSERT (((__log_filter_data_run_start__ == __log_filter_data_run_end__) || ((__log_filter_data_run_end__ - __RAM1_segment_start__) <= __RAM1_segment_size__)), error: .log_filter_data_run is too large to fit in RAM1 memory segment)
                0x0000000020000000                __nrf_sections_run_end_load_start__ = ALIGN (__log_filter_data_run_end__, 0x4)

.nrf_sections_run_end
                0x0000000020000000        0x0
                0x0000000020000000                __nrf_sections_run_end_start__ = .
                0x0000000020000000                __end_nrf_sections_run = __nrf_sections_run_end_start__
 *(.nrf_sections_run_end .nrf_sections_run_end.*)
                0x0000000020000000                __nrf_sections_run_end_end__ = (__nrf_sections_run_end_start__ + SIZEOF (.nrf_sections_run_end))
                0x0000000000000000                __nrf_sections_run_end_size__ = SIZEOF (.nrf_sections_run_end)
                0x0000000020000000                __nrf_sections_run_end_load_end__ = __nrf_sections_run_end_end__
                0x0000000000000001                . = ASSERT (((__nrf_sections_run_end_start__ == __nrf_sections_run_end_end__) || ((__nrf_sections_run_end_end__ - __RAM1_segment_start__) <= __RAM1_segment_size__)), error: .nrf_sections_run_end is too large to fit in RAM1 memory segment)
                0x00000000000024fc                __dtors_load_start__ = ALIGN ((__log_filter_data_load_start__ + SIZEOF (.log_filter_data)), 0x4)

.dtors          0x00000000000024fc        0x0
                0x00000000000024fc                __dtors_start__ = .
 *(SORT_BY_NAME(.dtors.*))
 *(.dtors)
 *(.fini_array)
 *(SORT_BY_NAME(.fini_array.*))
                0x00000000000024fc                __dtors_end__ = (__dtors_start__ + SIZEOF (.dtors))
                0x0000000000000000                __dtors_size__ = SIZEOF (.dtors)
                0x00000000000024fc                __dtors_load_end__ = __dtors_end__
                0x0000000000000001                . = ASSERT (((__dtors_start__ == __dtors_end__) || ((__dtors_end__ - __FLASH1_segment_start__) <= __FLASH1_segment_size__)), error: .dtors is too large to fit in FLASH1 memory segment)
                0x00000000000024fc                __ctors_load_start__ = ALIGN (__dtors_end__, 0x4)

.ctors          0x00000000000024fc        0x0
                0x00000000000024fc                __ctors_start__ = .
 *(SORT_BY_NAME(.ctors.*))
 *(.ctors)
 *(.init_array)
 *(SORT_BY_NAME(.init_array.*))
                0x00000000000024fc                __ctors_end__ = (__ctors_start__ + SIZEOF (.ctors))
                0x0000000000000000                __ctors_size__ = SIZEOF (.ctors)
                0x00000000000024fc                __ctors_load_end__ = __ctors_end__
                0x0000000000000001                . = ASSERT (((__ctors_start__ == __ctors_end__) || ((__ctors_end__ - __FLASH1_segment_start__) <= __FLASH1_segment_size__)), error: .ctors is too large to fit in FLASH1 memory segment)
                0x00000000000024fc                __rodata_load_start__ = ALIGN (__ctors_end__, 0x4)

.rodata         0x00000000000024fc       0xa8
                0x00000000000024fc                __rodata_start__ = .
 *(.rodata .rodata.* .gnu.linkonce.r.*)
 .rodata.m_board_led_list
                0x00000000000024fc        0x4 Output/Release/Obj/uart_pca10040e/boards.o
 .rodata        0x0000000000002500       0x20 Output/Release/Obj/uart_pca10040e/app_uart_fifo.o
 .rodata.delay_machine_code.0
                0x0000000000002520        0x6 Output/Release/Obj/uart_pca10040e/nrf_drv_twi.o
 .rodata.main.str1.1
                0x0000000000002526       0x19 Output/Release/Obj/uart_pca10040e/main.o
 *fill*         0x000000000000253f        0x1 
 .rodata        0x0000000000002540       0x24 Output/Release/Obj/uart_pca10040e/main.o
 .rodata.default_config.3
                0x0000000000002564        0x4 Output/Release/Obj/uart_pca10040e/main.o
 *fill*         0x0000000000002568        0x8 
 .rodata.delay_machine_code.0
                0x0000000000002570        0x6 Output/Release/Obj/uart_pca10040e/main.o
 *fill*         0x0000000000002576        0x2 
 .rodata.m_timer
                0x0000000000002578        0x8 Output/Release/Obj/uart_pca10040e/main.o
 .rodata.m_twi  0x0000000000002580       0x10 Output/Release/Obj/uart_pca10040e/main.o
 .rodata.CSWTCH.14
                0x0000000000002590        0x5 Output/Release/Obj/uart_pca10040e/system_nrf52810.o
 .rodata.CSWTCH.18
                0x0000000000002595        0x5 Output/Release/Obj/uart_pca10040e/system_nrf52810.o
 .rodata.CSWTCH.21
                0x000000000000259a        0x5 Output/Release/Obj/uart_pca10040e/system_nrf52810.o
 .rodata.CSWTCH.4
                0x000000000000259f        0x5 Output/Release/Obj/uart_pca10040e/system_nrf52810.o
                0x00000000000025a4                . = ALIGN (MAX ((__rodata_start__ + 0x4), .), 0x4)
                0x00000000000025a4                __rodata_end__ = (__rodata_start__ + SIZEOF (.rodata))
                0x00000000000000a8                __rodata_size__ = SIZEOF (.rodata)
                0x00000000000025a4                __rodata_load_end__ = __rodata_end__

.rel.dyn        0x00000000000025a4        0x0
 .rel.iplt      0x00000000000025a4        0x0 Output/Release/Obj/uart_pca10040e/thumb_crt0.o
                0x0000000000000001                . = ASSERT (((__rodata_start__ == __rodata_end__) || ((__rodata_end__ - __FLASH1_segment_start__) <= __FLASH1_segment_size__)), error: .rodata is too large to fit in FLASH1 memory segment)
                0x00000000000025a4                __ARM.exidx_load_start__ = ALIGN (__rodata_end__, 0x4)

.ARM.exidx      0x00000000000025a4        0x0
                0x00000000000025a4                __ARM.exidx_start__ = .
                0x00000000000025a4                __exidx_start = __ARM.exidx_start__
 *(.ARM.exidx .ARM.exidx.*)
                0x00000000000025a4                __ARM.exidx_end__ = (__ARM.exidx_start__ + SIZEOF (.ARM.exidx))
                0x0000000000000000                __ARM.exidx_size__ = SIZEOF (.ARM.exidx)
                0x00000000000025a4                __exidx_end = __ARM.exidx_end__
                0x00000000000025a4                __ARM.exidx_load_end__ = __ARM.exidx_end__
                0x0000000000000001                . = ASSERT (((__ARM.exidx_start__ == __ARM.exidx_end__) || ((__ARM.exidx_end__ - __FLASH1_segment_start__) <= __FLASH1_segment_size__)), error: .ARM.exidx is too large to fit in FLASH1 memory segment)
                0x00000000000025a4                __fast_load_start__ = ALIGN (__ARM.exidx_end__, 0x4)

.fast           0x0000000020000000        0x0 load address 0x00000000000025a4
                0x0000000020000000                __fast_start__ = .
 *(.fast .fast.*)
                0x0000000020000000                __fast_end__ = (__fast_start__ + SIZEOF (.fast))
                0x0000000000000000                __fast_size__ = SIZEOF (.fast)
                0x00000000000025a4                __fast_load_end__ = (__fast_load_start__ + SIZEOF (.fast))
                0x0000000000000001                . = ASSERT (((__fast_load_start__ == __fast_load_end__) || ((__fast_load_end__ - __FLASH1_segment_start__) <= __FLASH1_segment_size__)), error: .fast is too large to fit in FLASH1 memory segment)

.fast_run       0x0000000020000000        0x0
                0x0000000020000000                __fast_run_start__ = .
                0x0000000020000000                __fast_run_end__ = (__fast_run_start__ + SIZEOF (.fast))
                0x0000000000000000                __fast_run_size__ = (__fast_run_end__ - __fast_run_start__)
                0x0000000020000000                __fast_run_load_end__ = __fast_run_end__
                0x0000000000000001                . = ASSERT (((__fast_run_start__ == __fast_run_end__) || ((__fast_run_end__ - __RAM1_segment_start__) <= __RAM1_segment_size__)), error: .fast_run is too large to fit in RAM1 memory segment)
                0x00000000000025a4                __data_load_start__ = ALIGN ((__fast_load_start__ + SIZEOF (.fast)), 0x4)

.data           0x0000000020000000       0x18 load address 0x00000000000025a4
                0x0000000020000000                __data_start__ = .
 *(.data .data.* .gnu.linkonce.d.*)
 .data.app_uart_inst
                0x0000000020000000       0x14 Output/Release/Obj/uart_pca10040e/app_uart_fifo.o
 .data.SystemCoreClock
                0x0000000020000014        0x4 Output/Release/Obj/uart_pca10040e/system_nrf52810.o
                0x0000000020000014                SystemCoreClock
                0x0000000020000018                __data_end__ = (__data_start__ + SIZEOF (.data))
                0x0000000000000018                __data_size__ = SIZEOF (.data)
                0x00000000000025bc                __data_load_end__ = (__data_load_start__ + SIZEOF (.data))

.igot.plt       0x0000000100000000        0x0
 .igot.plt      0x0000000100000000        0x0 Output/Release/Obj/uart_pca10040e/thumb_crt0.o
                0x0000000000000001                . = ASSERT (((__data_load_start__ == __data_load_end__) || ((__data_load_end__ - __FLASH1_segment_start__) <= __FLASH1_segment_size__)), error: .data is too large to fit in FLASH1 memory segment)

.data_run       0x0000000020000000        0x0
                0x0000000020000000                __data_run_start__ = .
                0x0000000020000018                __data_run_end__ = (__data_run_start__ + SIZEOF (.data))
                0x0000000000000018                __data_run_size__ = (__data_run_end__ - __data_run_start__)
                0x0000000020000018                __data_run_load_end__ = __data_run_end__
                0x0000000000000001                . = ASSERT (((__data_run_start__ == __data_run_end__) || ((__data_run_end__ - __RAM1_segment_start__) <= __RAM1_segment_size__)), error: .data_run is too large to fit in RAM1 memory segment)
                0x00000000000025bc                __tdata_load_start__ = ALIGN ((__data_load_start__ + SIZEOF (.data)), 0x4)

.tdata          0x0000000020000018        0x0 load address 0x00000000000025bc
                0x0000000020000018                __tdata_start__ = .
 *(.tdata .tdata.*)
                0x0000000020000018                __tdata_end__ = (__tdata_start__ + SIZEOF (.tdata))
                0x0000000000000000                __tdata_size__ = SIZEOF (.tdata)
                0x00000000000025bc                __tdata_load_end__ = (__tdata_load_start__ + SIZEOF (.tdata))
                0x00000000000025bc                __FLASH1_segment_used_end__ = (ALIGN ((__data_load_start__ + SIZEOF (.data)), 0x4) + SIZEOF (.tdata))
                0x00000000000025bc                __FLASH1_segment_used_size__ = (__FLASH1_segment_used_end__ - __FLASH1_segment_start__)
                0x0000000000000001                . = ASSERT (((__tdata_load_start__ == __tdata_load_end__) || ((__tdata_load_end__ - __FLASH1_segment_start__) <= __FLASH1_segment_size__)), error: .tdata is too large to fit in FLASH1 memory segment)

.tdata_run      0x0000000020000018        0x0
                0x0000000020000018                __tdata_run_start__ = .
                0x0000000020000018                __tdata_run_end__ = (__tdata_run_start__ + SIZEOF (.tdata))
                0x0000000000000000                __tdata_run_size__ = (__tdata_run_end__ - __tdata_run_start__)
                0x0000000020000018                __tdata_run_load_end__ = __tdata_run_end__
                0x0000000000000001                . = ASSERT (((__tdata_run_start__ == __tdata_run_end__) || ((__tdata_run_end__ - __RAM1_segment_start__) <= __RAM1_segment_size__)), error: .tdata_run is too large to fit in RAM1 memory segment)
                0x0000000020000018                __bss_load_start__ = ALIGN (__tdata_run_end__, 0x4)

.bss            0x0000000020000018      0x32f
                0x0000000020000018                __bss_start__ = .
 *(.bss .bss.* .gnu.linkonce.b.*)
 .bss.m_event_handler
                0x0000000020000018        0x4 Output/Release/Obj/uart_pca10040e/app_uart_fifo.o
 .bss.m_rx_fifo
                0x000000002000001c       0x10 Output/Release/Obj/uart_pca10040e/app_uart_fifo.o
 .bss.m_rx_ovf  0x000000002000002c        0x1 Output/Release/Obj/uart_pca10040e/app_uart_fifo.o
 *fill*         0x000000002000002d        0x3 
 .bss.m_tx_fifo
                0x0000000020000030       0x10 Output/Release/Obj/uart_pca10040e/app_uart_fifo.o
 .bss.rx_buffer
                0x0000000020000040        0x1 Output/Release/Obj/uart_pca10040e/app_uart_fifo.o
 .bss.tx_buffer
                0x0000000020000041        0x1 Output/Release/Obj/uart_pca10040e/app_uart_fifo.o
 *fill*         0x0000000020000042        0x2 
 .bss.m_in_critical_region
                0x0000000020000044        0x4 Output/Release/Obj/uart_pca10040e/app_util_platform.o
 .bss.m_contexts
                0x0000000020000048        0x4 Output/Release/Obj/uart_pca10040e/nrf_drv_uart.o
 .bss.m_handlers
                0x000000002000004c        0x4 Output/Release/Obj/uart_pca10040e/nrf_drv_uart.o
 .bss.nrf_drv_uart_use_easy_dma
                0x0000000020000050        0x1 Output/Release/Obj/uart_pca10040e/nrf_drv_uart.o
                0x0000000020000050                nrf_drv_uart_use_easy_dma
 *fill*         0x0000000020000051        0x3 
 .bss.m_prs_box_2
                0x0000000020000054        0x8 Output/Release/Obj/uart_pca10040e/nrfx_prs.o
 .bss.m_cb      0x000000002000005c       0x2c Output/Release/Obj/uart_pca10040e/nrfx_uart.o
 .bss.m_cb      0x0000000020000088       0x24 Output/Release/Obj/uart_pca10040e/nrfx_uarte.o
 .bss.m_contexts
                0x00000000200000ac        0x4 Output/Release/Obj/uart_pca10040e/nrf_drv_twi.o
 .bss.m_handlers
                0x00000000200000b0        0x4 Output/Release/Obj/uart_pca10040e/nrf_drv_twi.o
 .bss.m_cb      0x00000000200000b4       0x34 Output/Release/Obj/uart_pca10040e/nrfx_twim.o
 .bss.m_drv_state
                0x00000000200000e8        0x1 Output/Release/Obj/uart_pca10040e/nrf_drv_ppi.o
 *fill*         0x00000000200000e9        0x3 
 .bss.m_channels_allocated
                0x00000000200000ec        0x4 Output/Release/Obj/uart_pca10040e/nrfx_ppi.o
 .bss.m_cb      0x00000000200000f0       0x30 Output/Release/Obj/uart_pca10040e/nrfx_saadc.o
 .bss.m_cb      0x0000000020000120        0xc Output/Release/Obj/uart_pca10040e/nrfx_timer.o
 .bss.m_adc_evt_counter
                0x000000002000012c        0x4 Output/Release/Obj/uart_pca10040e/main.o
 .bss.m_buffer_pool
                0x0000000020000130       0x14 Output/Release/Obj/uart_pca10040e/main.o
 .bss.m_ppi_channel
                0x0000000020000144        0x1 Output/Release/Obj/uart_pca10040e/main.o
 .bss.m_sample  0x0000000020000145        0x1 Output/Release/Obj/uart_pca10040e/main.o
 .bss.m_xfer_done
                0x0000000020000146        0x1 Output/Release/Obj/uart_pca10040e/main.o
 .bss.rx_buf.2  0x0000000020000147      0x100 Output/Release/Obj/uart_pca10040e/main.o
 .bss.tx_buf.1  0x0000000020000247      0x100 Output/Release/Obj/uart_pca10040e/main.o
 *(COMMON)
                0x0000000020000347                __bss_end__ = (__bss_start__ + SIZEOF (.bss))
                0x000000000000032f                __bss_size__ = SIZEOF (.bss)
                0x0000000020000347                __bss_load_end__ = __bss_end__
                0x0000000000000001                . = ASSERT (((__bss_start__ == __bss_end__) || ((__bss_end__ - __RAM1_segment_start__) <= __RAM1_segment_size__)), error: .bss is too large to fit in RAM1 memory segment)
                0x0000000020000348                __tbss_load_start__ = ALIGN (__bss_end__, 0x4)

.tbss           0x0000000020000348        0x0
                0x0000000020000348                __tbss_start__ = .
 *(.tbss .tbss.*)
                0x0000000020000348                __tbss_end__ = (__tbss_start__ + SIZEOF (.tbss))
                0x0000000000000000                __tbss_size__ = SIZEOF (.tbss)
                0x0000000020000348                __tbss_load_end__ = __tbss_end__
                0x0000000000000001                . = ASSERT (((__tbss_start__ == __tbss_end__) || ((__tbss_end__ - __RAM1_segment_start__) <= __RAM1_segment_size__)), error: .tbss is too large to fit in RAM1 memory segment)
                0x0000000020000348                __non_init_load_start__ = ALIGN (__tbss_end__, 0x4)

.non_init       0x0000000020000348        0x0
                0x0000000020000348                __non_init_start__ = .
 *(.non_init .non_init.*)
                0x0000000020000348                __non_init_end__ = (__non_init_start__ + SIZEOF (.non_init))
                0x0000000000000000                __non_init_size__ = SIZEOF (.non_init)
                0x0000000020000348                __non_init_load_end__ = __non_init_end__
                0x0000000000000001                . = ASSERT (((__non_init_start__ == __non_init_end__) || ((__non_init_end__ - __RAM1_segment_start__) <= __RAM1_segment_size__)), error: .non_init is too large to fit in RAM1 memory segment)
                0x0000000020000348                __heap_load_start__ = ALIGN (__non_init_end__, 0x4)

.heap           0x0000000020000348      0x800
                0x0000000020000348                __heap_start__ = .
 *(.heap .heap.*)
                0x0000000020000b48                . = ALIGN (MAX ((__heap_start__ + __HEAPSIZE__), .), 0x4)
 *fill*         0x0000000020000348      0x800 
                0x0000000020000b48                __heap_end__ = (__heap_start__ + SIZEOF (.heap))
                0x0000000000000800                __heap_size__ = SIZEOF (.heap)
                0x0000000020000b48                __heap_load_end__ = __heap_end__
                0x0000000000000001                . = ASSERT (((__heap_start__ == __heap_end__) || ((__heap_end__ - __RAM1_segment_start__) <= __RAM1_segment_size__)), error: .heap is too large to fit in RAM1 memory segment)
                0x0000000020005800                __stack_load_start__ = (__RAM1_segment_start__ + (__RAM1_segment_size__ - 0x800))

.stack          0x0000000020005800      0x800
                0x0000000020005800                __stack_start__ = .
                0x0000000020005800                __StackLimit = __stack_start__
 *(.stack .stack.*)
                0x0000000020006000                . = ALIGN (MAX ((__stack_start__ + __STACKSIZE__), .), 0x8)
 *fill*         0x0000000020005800      0x800 
                0x0000000020006000                __stack_end__ = (__stack_start__ + SIZEOF (.stack))
                0x0000000000000800                __stack_size__ = SIZEOF (.stack)
                0x0000000020006000                __StackTop = __stack_end__
                0x0000000020006000                __stack_load_end__ = __stack_end__
                0x0000000000000001                . = ASSERT (((__stack_start__ == __stack_end__) || ((__stack_end__ - __RAM1_segment_start__) <= __RAM1_segment_size__)), error: .stack is too large to fit in RAM1 memory segment)
                0x0000000000000001                . = ASSERT ((__heap_end__ <= __stack_start__), error: section .heap overlaps absolute placed section .stack)
                0x0000000020006000                __stack_process_load_start__ = ALIGN (__stack_end__, 0x8)

.stack_process  0x0000000020006000        0x0
                0x0000000020006000                __stack_process_start__ = .
 *(.stack_process .stack_process.*)
                0x0000000020006000                . = ALIGN (MAX ((__stack_process_start__ + __STACKSIZE_PROCESS__), .), 0x8)
                0x0000000020006000                __stack_process_end__ = (__stack_process_start__ + SIZEOF (.stack_process))
                0x0000000000000000                __stack_process_size__ = SIZEOF (.stack_process)
                0x0000000020006000                __stack_process_load_end__ = __stack_process_end__
                0x0000000020006000                __RAM1_segment_used_end__ = (ALIGN (__stack_end__, 0x8) + SIZEOF (.stack_process))
                0x0000000000006000                __RAM1_segment_used_size__ = (__RAM1_segment_used_end__ - __RAM1_segment_start__)
                0x0000000000000001                . = ASSERT (((__stack_process_start__ == __stack_process_end__) || ((__stack_process_end__ - __RAM1_segment_start__) <= __RAM1_segment_size__)), error: .stack_process is too large to fit in RAM1 memory segment)
START GROUP
LOAD Output/Release/Obj/uart_pca10040e/thumb_crt0.o
LOAD Output/Release/Obj/uart_pca10040e/nrf_log_frontend.o
LOAD Output/Release/Obj/uart_pca10040e/nrf_log_str_formatter.o
LOAD Output/Release/Obj/uart_pca10040e/nrf_log_backend_rtt.o
LOAD Output/Release/Obj/uart_pca10040e/nrf_log_backend_serial.o
LOAD Output/Release/Obj/uart_pca10040e/nrf_log_backend_uart.o
LOAD Output/Release/Obj/uart_pca10040e/nrf_log_default_backends.o
LOAD Output/Release/Obj/uart_pca10040e/boards.o
LOAD Output/Release/Obj/uart_pca10040e/app_error.o
LOAD Output/Release/Obj/uart_pca10040e/app_error_handler_gcc.o
LOAD Output/Release/Obj/uart_pca10040e/app_error_weak.o
LOAD Output/Release/Obj/uart_pca10040e/app_fifo.o
LOAD Output/Release/Obj/uart_pca10040e/app_uart_fifo.o
LOAD Output/Release/Obj/uart_pca10040e/app_util_platform.o
LOAD Output/Release/Obj/uart_pca10040e/nrf_assert.o
LOAD Output/Release/Obj/uart_pca10040e/nrf_atomic.o
LOAD Output/Release/Obj/uart_pca10040e/nrf_balloc.o
LOAD Output/Release/Obj/uart_pca10040e/nrf_fprintf.o
LOAD Output/Release/Obj/uart_pca10040e/nrf_fprintf_format.o
LOAD Output/Release/Obj/uart_pca10040e/nrf_memobj.o
LOAD Output/Release/Obj/uart_pca10040e/nrf_ringbuf.o
LOAD Output/Release/Obj/uart_pca10040e/nrf_strerror.o
LOAD Output/Release/Obj/uart_pca10040e/retarget.o
LOAD Output/Release/Obj/uart_pca10040e/nrf_pwr_mgmt.o
LOAD Output/Release/Obj/uart_pca10040e/nrf_section_iter.o
LOAD Output/Release/Obj/uart_pca10040e/nrf_drv_uart.o
LOAD Output/Release/Obj/uart_pca10040e/nrfx_atomic.o
LOAD Output/Release/Obj/uart_pca10040e/nrfx_prs.o
LOAD Output/Release/Obj/uart_pca10040e/nrfx_uart.o
LOAD Output/Release/Obj/uart_pca10040e/nrfx_uarte.o
LOAD Output/Release/Obj/uart_pca10040e/nrf_drv_twi.o
LOAD Output/Release/Obj/uart_pca10040e/nrfx_twi.o
LOAD Output/Release/Obj/uart_pca10040e/nrfx_twim.o
LOAD Output/Release/Obj/uart_pca10040e/nrf_drv_ppi.o
LOAD Output/Release/Obj/uart_pca10040e/nrfx_ppi.o
LOAD Output/Release/Obj/uart_pca10040e/nrfx_saadc.o
LOAD Output/Release/Obj/uart_pca10040e/nrfx_timer.o
LOAD Output/Release/Obj/uart_pca10040e/main.o
LOAD Output/Release/Obj/uart_pca10040e/ses_startup_nrf52810.o
LOAD Output/Release/Obj/uart_pca10040e/ses_startup_nrf_common.o
LOAD Output/Release/Obj/uart_pca10040e/system_nrf52810.o
LOAD Output/Release/Obj/uart_pca10040e/SEGGER_RTT.o
LOAD Output/Release/Obj/uart_pca10040e/SEGGER_RTT_printf.o
LOAD Output/Release/Obj/uart_pca10040e/SEGGER_RTT_Syscalls_SES.o
LOAD C:/Program Files/SEGGER/SEGGER Embedded Studio for ARM 5.68/lib/libm_v7em_t_le_eabi.a
LOAD C:/Program Files/SEGGER/SEGGER Embedded Studio for ARM 5.68/lib/libc_v7em_t_le_eabi.a
LOAD C:/Program Files/SEGGER/SEGGER Embedded Studio for ARM 5.68/lib/libdebugio_v7em_t_le_eabi.a
END GROUP
OUTPUT(Output/Release/Exe/uart_pca10040e.elf elf32-littlearm)
LOAD linker stubs

.ARM.attributes
                0x0000000000000000       0x2c
 .ARM.attributes
                0x0000000000000000       0x1c Output/Release/Obj/uart_pca10040e/thumb_crt0.o
 .ARM.attributes
                0x000000000000001c       0x30 Output/Release/Obj/uart_pca10040e/boards.o
 .ARM.attributes
                0x000000000000004c       0x30 Output/Release/Obj/uart_pca10040e/app_error.o
 .ARM.attributes
                0x000000000000007c       0x30 Output/Release/Obj/uart_pca10040e/app_error_weak.o
 .ARM.attributes
                0x00000000000000ac       0x30 Output/Release/Obj/uart_pca10040e/app_fifo.o
 .ARM.attributes
                0x00000000000000dc       0x30 Output/Release/Obj/uart_pca10040e/app_uart_fifo.o
 .ARM.attributes
                0x000000000000010c       0x30 Output/Release/Obj/uart_pca10040e/app_util_platform.o
 .ARM.attributes
                0x000000000000013c       0x30 Output/Release/Obj/uart_pca10040e/retarget.o
 .ARM.attributes
                0x000000000000016c       0x30 Output/Release/Obj/uart_pca10040e/nrf_drv_uart.o
 .ARM.attributes
                0x000000000000019c       0x30 Output/Release/Obj/uart_pca10040e/nrfx_prs.o
 .ARM.attributes
                0x00000000000001cc       0x30 Output/Release/Obj/uart_pca10040e/nrfx_uart.o
 .ARM.attributes
                0x00000000000001fc       0x30 Output/Release/Obj/uart_pca10040e/nrfx_uarte.o
 .ARM.attributes
                0x000000000000022c       0x30 Output/Release/Obj/uart_pca10040e/nrf_drv_twi.o
 .ARM.attributes
                0x000000000000025c       0x30 Output/Release/Obj/uart_pca10040e/nrfx_twim.o
 .ARM.attributes
                0x000000000000028c       0x30 Output/Release/Obj/uart_pca10040e/nrf_drv_ppi.o
 .ARM.attributes
                0x00000000000002bc       0x30 Output/Release/Obj/uart_pca10040e/nrfx_ppi.o
 .ARM.attributes
                0x00000000000002ec       0x30 Output/Release/Obj/uart_pca10040e/nrfx_saadc.o
 .ARM.attributes
                0x000000000000031c       0x30 Output/Release/Obj/uart_pca10040e/nrfx_timer.o
 .ARM.attributes
                0x000000000000034c       0x30 Output/Release/Obj/uart_pca10040e/main.o
 .ARM.attributes
                0x000000000000037c       0x1c Output/Release/Obj/uart_pca10040e/ses_startup_nrf52810.o
 .ARM.attributes
                0x0000000000000398       0x1c Output/Release/Obj/uart_pca10040e/ses_startup_nrf_common.o
 .ARM.attributes
                0x00000000000003b4       0x30 Output/Release/Obj/uart_pca10040e/system_nrf52810.o
 .ARM.attributes
                0x00000000000003e4       0x30 C:/Program Files/SEGGER/SEGGER Embedded Studio for ARM 5.68/lib/libc_v7em_t_le_eabi.a(libc2.o)
 .ARM.attributes
                0x0000000000000414       0x30 C:/Program Files/SEGGER/SEGGER Embedded Studio for ARM 5.68/lib/libc_v7em_t_le_eabi.a(libc.o)

.comment        0x0000000000000000       0x3f
 .comment       0x0000000000000000       0x3f Output/Release/Obj/uart_pca10040e/boards.o
                                         0x40 (size before relaxing)
 .comment       0x000000000000003f       0x40 Output/Release/Obj/uart_pca10040e/app_error.o
 .comment       0x000000000000003f       0x40 Output/Release/Obj/uart_pca10040e/app_error_weak.o
 .comment       0x000000000000003f       0x40 Output/Release/Obj/uart_pca10040e/app_fifo.o
 .comment       0x000000000000003f       0x40 Output/Release/Obj/uart_pca10040e/app_uart_fifo.o
 .comment       0x000000000000003f       0x40 Output/Release/Obj/uart_pca10040e/app_util_platform.o
 .comment       0x000000000000003f       0x40 Output/Release/Obj/uart_pca10040e/retarget.o
 .comment       0x000000000000003f       0x40 Output/Release/Obj/uart_pca10040e/nrf_drv_uart.o
 .comment       0x000000000000003f       0x40 Output/Release/Obj/uart_pca10040e/nrfx_prs.o
 .comment       0x000000000000003f       0x40 Output/Release/Obj/uart_pca10040e/nrfx_uart.o
 .comment       0x000000000000003f       0x40 Output/Release/Obj/uart_pca10040e/nrfx_uarte.o
 .comment       0x000000000000003f       0x40 Output/Release/Obj/uart_pca10040e/nrf_drv_twi.o
 .comment       0x000000000000003f       0x40 Output/Release/Obj/uart_pca10040e/nrfx_twim.o
 .comment       0x000000000000003f       0x40 Output/Release/Obj/uart_pca10040e/nrf_drv_ppi.o
 .comment       0x000000000000003f       0x40 Output/Release/Obj/uart_pca10040e/nrfx_ppi.o
 .comment       0x000000000000003f       0x40 Output/Release/Obj/uart_pca10040e/nrfx_saadc.o
 .comment       0x000000000000003f       0x40 Output/Release/Obj/uart_pca10040e/nrfx_timer.o
 .comment       0x000000000000003f       0x40 Output/Release/Obj/uart_pca10040e/main.o
 .comment       0x000000000000003f       0x40 Output/Release/Obj/uart_pca10040e/system_nrf52810.o
 .comment       0x000000000000003f       0x40 C:/Program Files/SEGGER/SEGGER Embedded Studio for ARM 5.68/lib/libc_v7em_t_le_eabi.a(libc2.o)
 .comment       0x000000000000003f       0x40 C:/Program Files/SEGGER/SEGGER Embedded Studio for ARM 5.68/lib/libc_v7em_t_le_eabi.a(libc.o)

.debug_line     0x0000000000000000     0xe82f
 .debug_line    0x0000000000000000      0x21e Output/Release/Obj/uart_pca10040e/thumb_crt0.o
 .debug_line    0x000000000000021e      0xb0e Output/Release/Obj/uart_pca10040e/boards.o
 .debug_line    0x0000000000000d2c      0x3ee Output/Release/Obj/uart_pca10040e/app_error.o
 .debug_line    0x000000000000111a      0x63b Output/Release/Obj/uart_pca10040e/app_error_weak.o
 .debug_line    0x0000000000001755      0x734 Output/Release/Obj/uart_pca10040e/app_fifo.o
 .debug_line    0x0000000000001e89      0xadf Output/Release/Obj/uart_pca10040e/app_uart_fifo.o
 .debug_line    0x0000000000002968      0x47c Output/Release/Obj/uart_pca10040e/app_util_platform.o
 .debug_line    0x0000000000002de4      0x409 Output/Release/Obj/uart_pca10040e/retarget.o
 .debug_line    0x00000000000031ed      0x6af Output/Release/Obj/uart_pca10040e/nrf_drv_uart.o
 .debug_line    0x000000000000389c      0x727 Output/Release/Obj/uart_pca10040e/nrfx_prs.o
 .debug_line    0x0000000000003fc3     0x17f8 Output/Release/Obj/uart_pca10040e/nrfx_uart.o
 .debug_line    0x00000000000057bb     0x1781 Output/Release/Obj/uart_pca10040e/nrfx_uarte.o
 .debug_line    0x0000000000006f3c      0x90d Output/Release/Obj/uart_pca10040e/nrf_drv_twi.o
 .debug_line    0x0000000000007849     0x17f4 Output/Release/Obj/uart_pca10040e/nrfx_twim.o
 .debug_line    0x000000000000903d      0x613 Output/Release/Obj/uart_pca10040e/nrf_drv_ppi.o
 .debug_line    0x0000000000009650      0xfe0 Output/Release/Obj/uart_pca10040e/nrfx_ppi.o
 .debug_line    0x000000000000a630     0x1892 Output/Release/Obj/uart_pca10040e/nrfx_saadc.o
 .debug_line    0x000000000000bec2      0xfbb Output/Release/Obj/uart_pca10040e/nrfx_timer.o
 .debug_line    0x000000000000ce7d     0x100d Output/Release/Obj/uart_pca10040e/main.o
 .debug_line    0x000000000000de8a       0xbd Output/Release/Obj/uart_pca10040e/ses_startup_nrf52810.o
 .debug_line    0x000000000000df47       0xbf Output/Release/Obj/uart_pca10040e/ses_startup_nrf_common.o
 .debug_line    0x000000000000e006      0x829 Output/Release/Obj/uart_pca10040e/system_nrf52810.o

.debug_info     0x0000000000000000    0x18af0
 .debug_info    0x0000000000000000       0x22 Output/Release/Obj/uart_pca10040e/thumb_crt0.o
 .debug_info    0x0000000000000022      0xc0e Output/Release/Obj/uart_pca10040e/boards.o
 .debug_info    0x0000000000000c30      0x2a4 Output/Release/Obj/uart_pca10040e/app_error.o
 .debug_info    0x0000000000000ed4      0x398 Output/Release/Obj/uart_pca10040e/app_error_weak.o
 .debug_info    0x000000000000126c      0x6b0 Output/Release/Obj/uart_pca10040e/app_fifo.o
 .debug_info    0x000000000000191c     0x16dc Output/Release/Obj/uart_pca10040e/app_uart_fifo.o
 .debug_info    0x0000000000002ff8      0x749 Output/Release/Obj/uart_pca10040e/app_util_platform.o
 .debug_info    0x0000000000003741      0x173 Output/Release/Obj/uart_pca10040e/retarget.o
 .debug_info    0x00000000000038b4     0x11b5 Output/Release/Obj/uart_pca10040e/nrf_drv_uart.o
 .debug_info    0x0000000000004a69      0x740 Output/Release/Obj/uart_pca10040e/nrfx_prs.o
 .debug_info    0x00000000000051a9     0x30dc Output/Release/Obj/uart_pca10040e/nrfx_uart.o
 .debug_info    0x0000000000008285     0x3297 Output/Release/Obj/uart_pca10040e/nrfx_uarte.o
 .debug_info    0x000000000000b51c     0x1553 Output/Release/Obj/uart_pca10040e/nrf_drv_twi.o
 .debug_info    0x000000000000ca6f     0x3154 Output/Release/Obj/uart_pca10040e/nrfx_twim.o
 .debug_info    0x000000000000fbc3      0x114 Output/Release/Obj/uart_pca10040e/nrf_drv_ppi.o
 .debug_info    0x000000000000fcd7     0x1421 Output/Release/Obj/uart_pca10040e/nrfx_ppi.o
 .debug_info    0x00000000000110f8     0x24af Output/Release/Obj/uart_pca10040e/nrfx_saadc.o
 .debug_info    0x00000000000135a7     0x1a74 Output/Release/Obj/uart_pca10040e/nrfx_timer.o
 .debug_info    0x000000000001501b     0x2694 Output/Release/Obj/uart_pca10040e/main.o
 .debug_info    0x00000000000176af       0x23 Output/Release/Obj/uart_pca10040e/ses_startup_nrf52810.o
 .debug_info    0x00000000000176d2       0x23 Output/Release/Obj/uart_pca10040e/ses_startup_nrf_common.o
 .debug_info    0x00000000000176f5     0x13fb Output/Release/Obj/uart_pca10040e/system_nrf52810.o

.debug_abbrev   0x0000000000000000     0x3af6
 .debug_abbrev  0x0000000000000000       0x12 Output/Release/Obj/uart_pca10040e/thumb_crt0.o
 .debug_abbrev  0x0000000000000012      0x2e9 Output/Release/Obj/uart_pca10040e/boards.o
 .debug_abbrev  0x00000000000002fb      0x13e Output/Release/Obj/uart_pca10040e/app_error.o
 .debug_abbrev  0x0000000000000439      0x188 Output/Release/Obj/uart_pca10040e/app_error_weak.o
 .debug_abbrev  0x00000000000005c1      0x188 Output/Release/Obj/uart_pca10040e/app_fifo.o
 .debug_abbrev  0x0000000000000749      0x3a8 Output/Release/Obj/uart_pca10040e/app_uart_fifo.o
 .debug_abbrev  0x0000000000000af1      0x23c Output/Release/Obj/uart_pca10040e/app_util_platform.o
 .debug_abbrev  0x0000000000000d2d       0xff Output/Release/Obj/uart_pca10040e/retarget.o
 .debug_abbrev  0x0000000000000e2c      0x23e Output/Release/Obj/uart_pca10040e/nrf_drv_uart.o
 .debug_abbrev  0x000000000000106a      0x272 Output/Release/Obj/uart_pca10040e/nrfx_prs.o
 .debug_abbrev  0x00000000000012dc      0x572 Output/Release/Obj/uart_pca10040e/nrfx_uart.o
 .debug_abbrev  0x000000000000184e      0x4ce Output/Release/Obj/uart_pca10040e/nrfx_uarte.o
 .debug_abbrev  0x0000000000001d1c      0x3ad Output/Release/Obj/uart_pca10040e/nrf_drv_twi.o
 .debug_abbrev  0x00000000000020c9      0x4c3 Output/Release/Obj/uart_pca10040e/nrfx_twim.o
 .debug_abbrev  0x000000000000258c       0xc4 Output/Release/Obj/uart_pca10040e/nrf_drv_ppi.o
 .debug_abbrev  0x0000000000002650      0x364 Output/Release/Obj/uart_pca10040e/nrfx_ppi.o
 .debug_abbrev  0x00000000000029b4      0x4c1 Output/Release/Obj/uart_pca10040e/nrfx_saadc.o
 .debug_abbrev  0x0000000000002e75      0x3f9 Output/Release/Obj/uart_pca10040e/nrfx_timer.o
 .debug_abbrev  0x000000000000326e      0x50f Output/Release/Obj/uart_pca10040e/main.o
 .debug_abbrev  0x000000000000377d       0x14 Output/Release/Obj/uart_pca10040e/ses_startup_nrf52810.o
 .debug_abbrev  0x0000000000003791       0x14 Output/Release/Obj/uart_pca10040e/ses_startup_nrf_common.o
 .debug_abbrev  0x00000000000037a5      0x351 Output/Release/Obj/uart_pca10040e/system_nrf52810.o

.debug_aranges  0x0000000000000000      0x758
 .debug_aranges
                0x0000000000000000       0x98 Output/Release/Obj/uart_pca10040e/thumb_crt0.o
 .debug_aranges
                0x0000000000000098       0x78 Output/Release/Obj/uart_pca10040e/boards.o
 .debug_aranges
                0x0000000000000110       0x28 Output/Release/Obj/uart_pca10040e/app_error.o
 .debug_aranges
                0x0000000000000138       0x20 Output/Release/Obj/uart_pca10040e/app_error_weak.o
 .debug_aranges
                0x0000000000000158       0x50 Output/Release/Obj/uart_pca10040e/app_fifo.o
 .debug_aranges
                0x00000000000001a8       0x58 Output/Release/Obj/uart_pca10040e/app_uart_fifo.o
 .debug_aranges
                0x0000000000000200       0x48 Output/Release/Obj/uart_pca10040e/app_util_platform.o
 .debug_aranges
                0x0000000000000248       0x28 Output/Release/Obj/uart_pca10040e/retarget.o
 .debug_aranges
                0x0000000000000270       0x30 Output/Release/Obj/uart_pca10040e/nrf_drv_uart.o
 .debug_aranges
                0x00000000000002a0       0x30 Output/Release/Obj/uart_pca10040e/nrfx_prs.o
 .debug_aranges
                0x00000000000002d0       0xa0 Output/Release/Obj/uart_pca10040e/nrfx_uart.o
 .debug_aranges
                0x0000000000000370       0x78 Output/Release/Obj/uart_pca10040e/nrfx_uarte.o
 .debug_aranges
                0x00000000000003e8       0x30 Output/Release/Obj/uart_pca10040e/nrf_drv_twi.o
 .debug_aranges
                0x0000000000000418       0x80 Output/Release/Obj/uart_pca10040e/nrfx_twim.o
 .debug_aranges
                0x0000000000000498       0x28 Output/Release/Obj/uart_pca10040e/nrf_drv_ppi.o
 .debug_aranges
                0x00000000000004c0       0x80 Output/Release/Obj/uart_pca10040e/nrfx_ppi.o
 .debug_aranges
                0x0000000000000540       0x88 Output/Release/Obj/uart_pca10040e/nrfx_saadc.o
 .debug_aranges
                0x00000000000005c8       0x90 Output/Release/Obj/uart_pca10040e/nrfx_timer.o
 .debug_aranges
                0x0000000000000658       0x68 Output/Release/Obj/uart_pca10040e/main.o
 .debug_aranges
                0x00000000000006c0       0x20 Output/Release/Obj/uart_pca10040e/ses_startup_nrf52810.o
 .debug_aranges
                0x00000000000006e0       0x20 Output/Release/Obj/uart_pca10040e/ses_startup_nrf_common.o
 .debug_aranges
                0x0000000000000700       0x58 Output/Release/Obj/uart_pca10040e/system_nrf52810.o

.debug_str      0x0000000000000000    0x73eb1
 .debug_str     0x0000000000000000       0xd7 Output/Release/Obj/uart_pca10040e/thumb_crt0.o
 .debug_str     0x00000000000000d7    0x5ddb7 Output/Release/Obj/uart_pca10040e/boards.o
                                      0x5e4bc (size before relaxing)
 .debug_str     0x000000000005de8e      0x147 Output/Release/Obj/uart_pca10040e/app_error.o
                                      0x4f301 (size before relaxing)
 .debug_str     0x000000000005dfd5     0x3078 Output/Release/Obj/uart_pca10040e/app_error_weak.o
                                      0x5cd15 (size before relaxing)
 .debug_str     0x000000000006104d      0x226 Output/Release/Obj/uart_pca10040e/app_fifo.o
                                      0x59bad (size before relaxing)
 .debug_str     0x0000000000061273     0x16a9 Output/Release/Obj/uart_pca10040e/app_uart_fifo.o
                                      0x5ec68 (size before relaxing)
 .debug_str     0x000000000006291c      0x304 Output/Release/Obj/uart_pca10040e/app_util_platform.o
                                      0x4fa68 (size before relaxing)
 .debug_str     0x0000000000062c20       0xac Output/Release/Obj/uart_pca10040e/retarget.o
                                      0x5a457 (size before relaxing)
 .debug_str     0x0000000000062ccc      0x4b9 Output/Release/Obj/uart_pca10040e/nrf_drv_uart.o
                                      0x5e37c (size before relaxing)
 .debug_str     0x0000000000063185      0x605 Output/Release/Obj/uart_pca10040e/nrfx_prs.o
                                      0x60281 (size before relaxing)
 .debug_str     0x000000000006378a      0x74e Output/Release/Obj/uart_pca10040e/nrfx_uart.o
                                      0x61384 (size before relaxing)
 .debug_str     0x0000000000063ed8      0x93a Output/Release/Obj/uart_pca10040e/nrfx_uarte.o
                                      0x61816 (size before relaxing)
 .debug_str     0x0000000000064812     0x1b22 Output/Release/Obj/uart_pca10040e/nrf_drv_twi.o
                                      0x5ed85 (size before relaxing)
 .debug_str     0x0000000000066334      0xea9 Output/Release/Obj/uart_pca10040e/nrfx_twim.o
                                      0x61df1 (size before relaxing)
 .debug_str     0x00000000000671dd      0x6ed Output/Release/Obj/uart_pca10040e/nrf_drv_ppi.o
                                      0x5d60f (size before relaxing)
 .debug_str     0x00000000000678ca      0x646 Output/Release/Obj/uart_pca10040e/nrfx_ppi.o
                                      0x6064d (size before relaxing)
 .debug_str     0x0000000000067f10     0x1720 Output/Release/Obj/uart_pca10040e/nrfx_saadc.o
                                      0x61b1e (size before relaxing)
 .debug_str     0x0000000000069630      0xf9a Output/Release/Obj/uart_pca10040e/nrfx_timer.o
                                      0x612ab (size before relaxing)
 .debug_str     0x000000000006a5ca     0x14e5 Output/Release/Obj/uart_pca10040e/main.o
                                      0x66229 (size before relaxing)
 .debug_str     0x000000000006baaf       0x6b Output/Release/Obj/uart_pca10040e/ses_startup_nrf52810.o
                                         0xf2 (size before relaxing)
 .debug_str     0x000000000006bb1a       0x6d Output/Release/Obj/uart_pca10040e/ses_startup_nrf_common.o
                                         0xf4 (size before relaxing)
 .debug_str     0x000000000006bb87     0x832a Output/Release/Obj/uart_pca10040e/system_nrf52810.o
                                      0x5670e (size before relaxing)

.debug_ranges   0x0000000000000000     0x2410
 .debug_ranges  0x0000000000000000       0x90 Output/Release/Obj/uart_pca10040e/thumb_crt0.o
 .debug_ranges  0x0000000000000090      0x380 Output/Release/Obj/uart_pca10040e/boards.o
 .debug_ranges  0x0000000000000410       0x18 Output/Release/Obj/uart_pca10040e/app_error.o
 .debug_ranges  0x0000000000000428       0x10 Output/Release/Obj/uart_pca10040e/app_error_weak.o
 .debug_ranges  0x0000000000000438       0xc0 Output/Release/Obj/uart_pca10040e/app_fifo.o
 .debug_ranges  0x00000000000004f8       0x98 Output/Release/Obj/uart_pca10040e/app_uart_fifo.o
 .debug_ranges  0x0000000000000590       0x38 Output/Release/Obj/uart_pca10040e/app_util_platform.o
 .debug_ranges  0x00000000000005c8       0x18 Output/Release/Obj/uart_pca10040e/retarget.o
 .debug_ranges  0x00000000000005e0       0x20 Output/Release/Obj/uart_pca10040e/nrf_drv_uart.o
 .debug_ranges  0x0000000000000600       0x40 Output/Release/Obj/uart_pca10040e/nrfx_prs.o
 .debug_ranges  0x0000000000000640      0x638 Output/Release/Obj/uart_pca10040e/nrfx_uart.o
 .debug_ranges  0x0000000000000c78      0x5c8 Output/Release/Obj/uart_pca10040e/nrfx_uarte.o
 .debug_ranges  0x0000000000001240      0x1b0 Output/Release/Obj/uart_pca10040e/nrf_drv_twi.o
 .debug_ranges  0x00000000000013f0      0x390 Output/Release/Obj/uart_pca10040e/nrfx_twim.o
 .debug_ranges  0x0000000000001780       0x18 Output/Release/Obj/uart_pca10040e/nrf_drv_ppi.o
 .debug_ranges  0x0000000000001798      0x390 Output/Release/Obj/uart_pca10040e/nrfx_ppi.o
 .debug_ranges  0x0000000000001b28      0x3b8 Output/Release/Obj/uart_pca10040e/nrfx_saadc.o
 .debug_ranges  0x0000000000001ee0      0x2e0 Output/Release/Obj/uart_pca10040e/nrfx_timer.o
 .debug_ranges  0x00000000000021c0      0x1a0 Output/Release/Obj/uart_pca10040e/main.o
 .debug_ranges  0x0000000000002360       0xb0 Output/Release/Obj/uart_pca10040e/system_nrf52810.o

.debug_frame    0x0000000000000000     0x119c
 .debug_frame   0x0000000000000000      0x104 Output/Release/Obj/uart_pca10040e/boards.o
 .debug_frame   0x0000000000000104       0x58 Output/Release/Obj/uart_pca10040e/app_error.o
 .debug_frame   0x000000000000015c       0x20 Output/Release/Obj/uart_pca10040e/app_error_weak.o
 .debug_frame   0x000000000000017c       0xc8 Output/Release/Obj/uart_pca10040e/app_fifo.o
 .debug_frame   0x0000000000000244      0x140 Output/Release/Obj/uart_pca10040e/app_uart_fifo.o
 .debug_frame   0x0000000000000384       0x70 Output/Release/Obj/uart_pca10040e/app_util_platform.o
 .debug_frame   0x00000000000003f4       0x4c Output/Release/Obj/uart_pca10040e/retarget.o
 .debug_frame   0x0000000000000440       0x88 Output/Release/Obj/uart_pca10040e/nrf_drv_uart.o
 .debug_frame   0x00000000000004c8       0x50 Output/Release/Obj/uart_pca10040e/nrfx_prs.o
 .debug_frame   0x0000000000000518      0x230 Output/Release/Obj/uart_pca10040e/nrfx_uart.o
 .debug_frame   0x0000000000000748      0x180 Output/Release/Obj/uart_pca10040e/nrfx_uarte.o
 .debug_frame   0x00000000000008c8       0x80 Output/Release/Obj/uart_pca10040e/nrf_drv_twi.o
 .debug_frame   0x0000000000000948      0x194 Output/Release/Obj/uart_pca10040e/nrfx_twim.o
 .debug_frame   0x0000000000000adc       0x3c Output/Release/Obj/uart_pca10040e/nrf_drv_ppi.o
 .debug_frame   0x0000000000000b18      0x170 Output/Release/Obj/uart_pca10040e/nrfx_ppi.o
 .debug_frame   0x0000000000000c88      0x1b0 Output/Release/Obj/uart_pca10040e/nrfx_saadc.o
 .debug_frame   0x0000000000000e38      0x190 Output/Release/Obj/uart_pca10040e/nrfx_timer.o
 .debug_frame   0x0000000000000fc8      0x138 Output/Release/Obj/uart_pca10040e/main.o
 .debug_frame   0x0000000000001100       0x9c Output/Release/Obj/uart_pca10040e/system_nrf52810.o

.debug_loc      0x0000000000000000     0x9176
 .debug_loc     0x0000000000000000      0x83d Output/Release/Obj/uart_pca10040e/boards.o
 .debug_loc     0x000000000000083d       0xcd Output/Release/Obj/uart_pca10040e/app_error.o
 .debug_loc     0x000000000000090a       0x4a Output/Release/Obj/uart_pca10040e/app_error_weak.o
 .debug_loc     0x0000000000000954      0x773 Output/Release/Obj/uart_pca10040e/app_fifo.o
 .debug_loc     0x00000000000010c7      0x4a4 Output/Release/Obj/uart_pca10040e/app_uart_fifo.o
 .debug_loc     0x000000000000156b       0xda Output/Release/Obj/uart_pca10040e/app_util_platform.o
 .debug_loc     0x0000000000001645       0x6c Output/Release/Obj/uart_pca10040e/retarget.o
 .debug_loc     0x00000000000016b1      0x1b6 Output/Release/Obj/uart_pca10040e/nrf_drv_uart.o
 .debug_loc     0x0000000000001867       0xff Output/Release/Obj/uart_pca10040e/nrfx_prs.o
 .debug_loc     0x0000000000001966     0x15d3 Output/Release/Obj/uart_pca10040e/nrfx_uart.o
 .debug_loc     0x0000000000002f39     0x1751 Output/Release/Obj/uart_pca10040e/nrfx_uarte.o
 .debug_loc     0x000000000000468a      0x536 Output/Release/Obj/uart_pca10040e/nrf_drv_twi.o
 .debug_loc     0x0000000000004bc0     0x19e8 Output/Release/Obj/uart_pca10040e/nrfx_twim.o
 .debug_loc     0x00000000000065a8      0xb45 Output/Release/Obj/uart_pca10040e/nrfx_ppi.o
 .debug_loc     0x00000000000070ed      0xcef Output/Release/Obj/uart_pca10040e/nrfx_saadc.o
 .debug_loc     0x0000000000007ddc      0xb2f Output/Release/Obj/uart_pca10040e/nrfx_timer.o
 .debug_loc     0x000000000000890b      0x66d Output/Release/Obj/uart_pca10040e/main.o
 .debug_loc     0x0000000000008f78      0x1fe Output/Release/Obj/uart_pca10040e/system_nrf52810.o

.debug_pubnames
                0x0000000000000000     0x6720
 .debug_pubnames
                0x0000000000000000      0x4bd Output/Release/Obj/uart_pca10040e/boards.o
 .debug_pubnames
                0x00000000000004bd       0x6c Output/Release/Obj/uart_pca10040e/app_error.o
 .debug_pubnames
                0x0000000000000529      0x106 Output/Release/Obj/uart_pca10040e/app_error_weak.o
 .debug_pubnames
                0x000000000000062f       0xc8 Output/Release/Obj/uart_pca10040e/app_fifo.o
 .debug_pubnames
                0x00000000000006f7      0x3a3 Output/Release/Obj/uart_pca10040e/app_uart_fifo.o
 .debug_pubnames
                0x0000000000000a9a      0x223 Output/Release/Obj/uart_pca10040e/app_util_platform.o
 .debug_pubnames
                0x0000000000000cbd       0x2e Output/Release/Obj/uart_pca10040e/retarget.o
 .debug_pubnames
                0x0000000000000ceb       0xcb Output/Release/Obj/uart_pca10040e/nrf_drv_uart.o
 .debug_pubnames
                0x0000000000000db6      0x11d Output/Release/Obj/uart_pca10040e/nrfx_prs.o
 .debug_pubnames
                0x0000000000000ed3      0xaa5 Output/Release/Obj/uart_pca10040e/nrfx_uart.o
 .debug_pubnames
                0x0000000000001978      0xc55 Output/Release/Obj/uart_pca10040e/nrfx_uarte.o
 .debug_pubnames
                0x00000000000025cd      0x195 Output/Release/Obj/uart_pca10040e/nrf_drv_twi.o
 .debug_pubnames
                0x0000000000002762      0xc8d Output/Release/Obj/uart_pca10040e/nrfx_twim.o
 .debug_pubnames
                0x00000000000033ef       0xbc Output/Release/Obj/uart_pca10040e/nrf_drv_ppi.o
 .debug_pubnames
                0x00000000000034ab      0x872 Output/Release/Obj/uart_pca10040e/nrfx_ppi.o
 .debug_pubnames
                0x0000000000003d1d     0x103b Output/Release/Obj/uart_pca10040e/nrfx_saadc.o
 .debug_pubnames
                0x0000000000004d58      0x7f2 Output/Release/Obj/uart_pca10040e/nrfx_timer.o
 .debug_pubnames
                0x000000000000554a     0x1024 Output/Release/Obj/uart_pca10040e/main.o
 .debug_pubnames
                0x000000000000656e      0x1b2 Output/Release/Obj/uart_pca10040e/system_nrf52810.o

.debug_pubtypes
                0x0000000000000000     0x2cce
 .debug_pubtypes
                0x0000000000000000      0x181 Output/Release/Obj/uart_pca10040e/boards.o
 .debug_pubtypes
                0x0000000000000181      0x10a Output/Release/Obj/uart_pca10040e/app_error.o
 .debug_pubtypes
                0x000000000000028b      0x108 Output/Release/Obj/uart_pca10040e/app_error_weak.o
 .debug_pubtypes
                0x0000000000000393       0xfa Output/Release/Obj/uart_pca10040e/app_fifo.o
 .debug_pubtypes
                0x000000000000048d      0x330 Output/Release/Obj/uart_pca10040e/app_uart_fifo.o
 .debug_pubtypes
                0x00000000000007bd      0x110 Output/Release/Obj/uart_pca10040e/app_util_platform.o
 .debug_pubtypes
                0x00000000000008cd       0xf9 Output/Release/Obj/uart_pca10040e/retarget.o
 .debug_pubtypes
                0x00000000000009c6      0x3cb Output/Release/Obj/uart_pca10040e/nrf_drv_uart.o
 .debug_pubtypes
                0x0000000000000d91      0x185 Output/Release/Obj/uart_pca10040e/nrfx_prs.o
 .debug_pubtypes
                0x0000000000000f16      0x35b Output/Release/Obj/uart_pca10040e/nrfx_uart.o
 .debug_pubtypes
                0x0000000000001271      0x390 Output/Release/Obj/uart_pca10040e/nrfx_uarte.o
 .debug_pubtypes
                0x0000000000001601      0x339 Output/Release/Obj/uart_pca10040e/nrf_drv_twi.o
 .debug_pubtypes
                0x000000000000193a      0x353 Output/Release/Obj/uart_pca10040e/nrfx_twim.o
 .debug_pubtypes
                0x0000000000001c8d       0xf6 Output/Release/Obj/uart_pca10040e/nrf_drv_ppi.o
 .debug_pubtypes
                0x0000000000001d83      0x182 Output/Release/Obj/uart_pca10040e/nrfx_ppi.o
 .debug_pubtypes
                0x0000000000001f05      0x3e9 Output/Release/Obj/uart_pca10040e/nrfx_saadc.o
 .debug_pubtypes
                0x00000000000022ee      0x2a0 Output/Release/Obj/uart_pca10040e/nrfx_timer.o
 .debug_pubtypes
                0x000000000000258e      0x594 Output/Release/Obj/uart_pca10040e/main.o
 .debug_pubtypes
                0x0000000000002b22      0x1ac Output/Release/Obj/uart_pca10040e/system_nrf52810.o

.debug_macro    0x0000000000000000     0x6155
 .debug_macro   0x0000000000000000      0x22f Output/Release/Obj/uart_pca10040e/boards.o
 .debug_macro   0x000000000000022f       0x1c Output/Release/Obj/uart_pca10040e/boards.o
 .debug_macro   0x000000000000024b       0xfb Output/Release/Obj/uart_pca10040e/boards.o
 .debug_macro   0x0000000000000346       0x40 Output/Release/Obj/uart_pca10040e/boards.o
 .debug_macro   0x0000000000000386      0x2ae Output/Release/Obj/uart_pca10040e/boards.o
 .debug_macro   0x0000000000000634       0x59 Output/Release/Obj/uart_pca10040e/boards.o
 .debug_macro   0x000000000000068d      0x3e5 Output/Release/Obj/uart_pca10040e/boards.o
 .debug_macro   0x0000000000000a72       0xb7 Output/Release/Obj/uart_pca10040e/boards.o
 .debug_macro   0x0000000000000b29       0x3f Output/Release/Obj/uart_pca10040e/boards.o
 .debug_macro   0x0000000000000b68       0x72 Output/Release/Obj/uart_pca10040e/boards.o
 .debug_macro   0x0000000000000bda       0x49 Output/Release/Obj/uart_pca10040e/boards.o
 .debug_macro   0x0000000000000c23       0x8c Output/Release/Obj/uart_pca10040e/boards.o
 .debug_macro   0x0000000000000caf       0x19 Output/Release/Obj/uart_pca10040e/boards.o
 .debug_macro   0x0000000000000cc8       0x16 Output/Release/Obj/uart_pca10040e/boards.o
 .debug_macro   0x0000000000000cde       0x35 Output/Release/Obj/uart_pca10040e/boards.o
 .debug_macro   0x0000000000000d13       0x7b Output/Release/Obj/uart_pca10040e/boards.o
 .debug_macro   0x0000000000000d8e       0x64 Output/Release/Obj/uart_pca10040e/boards.o
 .debug_macro   0x0000000000000df2       0x20 Output/Release/Obj/uart_pca10040e/boards.o
 .debug_macro   0x0000000000000e12       0x1c Output/Release/Obj/uart_pca10040e/boards.o
 .debug_macro   0x0000000000000e2e      0x25a Output/Release/Obj/uart_pca10040e/boards.o
 .debug_macro   0x0000000000001088      0x16d Output/Release/Obj/uart_pca10040e/boards.o
 .debug_macro   0x00000000000011f5      0x10d Output/Release/Obj/uart_pca10040e/app_error.o
 .debug_macro   0x0000000000001302       0x78 Output/Release/Obj/uart_pca10040e/app_error.o
 .debug_macro   0x000000000000137a      0x20c Output/Release/Obj/uart_pca10040e/app_error_weak.o
 .debug_macro   0x0000000000001586       0x31 Output/Release/Obj/uart_pca10040e/app_error_weak.o
 .debug_macro   0x00000000000015b7       0x16 Output/Release/Obj/uart_pca10040e/app_error_weak.o
 .debug_macro   0x00000000000015cd       0x55 Output/Release/Obj/uart_pca10040e/app_error_weak.o
 .debug_macro   0x0000000000001622      0x17f Output/Release/Obj/uart_pca10040e/app_error_weak.o
 .debug_macro   0x00000000000017a1       0x9a Output/Release/Obj/uart_pca10040e/app_error_weak.o
 .debug_macro   0x000000000000183b       0x28 Output/Release/Obj/uart_pca10040e/app_error_weak.o
 .debug_macro   0x0000000000001863       0x23 Output/Release/Obj/uart_pca10040e/app_error_weak.o
 .debug_macro   0x0000000000001886       0x1c Output/Release/Obj/uart_pca10040e/app_error_weak.o
 .debug_macro   0x00000000000018a2      0x15d Output/Release/Obj/uart_pca10040e/app_fifo.o
 .debug_macro   0x00000000000019ff       0x22 Output/Release/Obj/uart_pca10040e/app_fifo.o
 .debug_macro   0x0000000000001a21      0x2a8 Output/Release/Obj/uart_pca10040e/app_uart_fifo.o
 .debug_macro   0x0000000000001cc9       0x18 Output/Release/Obj/uart_pca10040e/app_uart_fifo.o
 .debug_macro   0x0000000000001ce1       0x10 Output/Release/Obj/uart_pca10040e/app_uart_fifo.o
 .debug_macro   0x0000000000001cf1       0x10 Output/Release/Obj/uart_pca10040e/app_uart_fifo.o
 .debug_macro   0x0000000000001d01       0x10 Output/Release/Obj/uart_pca10040e/app_uart_fifo.o
 .debug_macro   0x0000000000001d11       0x10 Output/Release/Obj/uart_pca10040e/app_uart_fifo.o
 .debug_macro   0x0000000000001d21       0x10 Output/Release/Obj/uart_pca10040e/app_uart_fifo.o
 .debug_macro   0x0000000000001d31       0x3f Output/Release/Obj/uart_pca10040e/app_uart_fifo.o
 .debug_macro   0x0000000000001d70      0x129 Output/Release/Obj/uart_pca10040e/app_util_platform.o
 .debug_macro   0x0000000000001e99      0x188 Output/Release/Obj/uart_pca10040e/retarget.o
 .debug_macro   0x0000000000002021      0x258 Output/Release/Obj/uart_pca10040e/nrf_drv_uart.o
 .debug_macro   0x0000000000002279      0x2ae Output/Release/Obj/uart_pca10040e/nrfx_prs.o
 .debug_macro   0x0000000000002527       0x1c Output/Release/Obj/uart_pca10040e/nrfx_prs.o
 .debug_macro   0x0000000000002543       0x1c Output/Release/Obj/uart_pca10040e/nrfx_prs.o
 .debug_macro   0x000000000000255f       0x37 Output/Release/Obj/uart_pca10040e/nrfx_prs.o
 .debug_macro   0x0000000000002596       0x10 Output/Release/Obj/uart_pca10040e/nrfx_prs.o
 .debug_macro   0x00000000000025a6       0x42 Output/Release/Obj/uart_pca10040e/nrfx_prs.o
 .debug_macro   0x00000000000025e8      0x2c9 Output/Release/Obj/uart_pca10040e/nrfx_uart.o
 .debug_macro   0x00000000000028b1       0x22 Output/Release/Obj/uart_pca10040e/nrfx_uart.o
 .debug_macro   0x00000000000028d3      0x2e7 Output/Release/Obj/uart_pca10040e/nrfx_uarte.o
 .debug_macro   0x0000000000002bba      0x28f Output/Release/Obj/uart_pca10040e/nrf_drv_twi.o
 .debug_macro   0x0000000000002e49       0x56 Output/Release/Obj/uart_pca10040e/nrf_drv_twi.o
 .debug_macro   0x0000000000002e9f       0x3e Output/Release/Obj/uart_pca10040e/nrf_drv_twi.o
 .debug_macro   0x0000000000002edd       0x78 Output/Release/Obj/uart_pca10040e/nrf_drv_twi.o
 .debug_macro   0x0000000000002f55       0x10 Output/Release/Obj/uart_pca10040e/nrf_drv_twi.o
 .debug_macro   0x0000000000002f65      0x304 Output/Release/Obj/uart_pca10040e/nrfx_twim.o
 .debug_macro   0x0000000000003269      0x230 Output/Release/Obj/uart_pca10040e/nrf_drv_ppi.o
 .debug_macro   0x0000000000003499       0x16 Output/Release/Obj/uart_pca10040e/nrf_drv_ppi.o
 .debug_macro   0x00000000000034af       0x88 Output/Release/Obj/uart_pca10040e/nrf_drv_ppi.o
 .debug_macro   0x0000000000003537      0x2ac Output/Release/Obj/uart_pca10040e/nrfx_ppi.o
 .debug_macro   0x00000000000037e3      0x2d5 Output/Release/Obj/uart_pca10040e/nrfx_saadc.o
 .debug_macro   0x0000000000003ab8       0x10 Output/Release/Obj/uart_pca10040e/nrfx_saadc.o
 .debug_macro   0x0000000000003ac8       0x22 Output/Release/Obj/uart_pca10040e/nrfx_saadc.o
 .debug_macro   0x0000000000003aea      0x2b9 Output/Release/Obj/uart_pca10040e/nrfx_timer.o
 .debug_macro   0x0000000000003da3       0x22 Output/Release/Obj/uart_pca10040e/nrfx_timer.o
 .debug_macro   0x0000000000003dc5       0x10 Output/Release/Obj/uart_pca10040e/nrfx_timer.o
 .debug_macro   0x0000000000003dd5      0x455 Output/Release/Obj/uart_pca10040e/main.o
 .debug_macro   0x000000000000422a      0x7d0 Output/Release/Obj/uart_pca10040e/main.o
 .debug_macro   0x00000000000049fa       0x94 Output/Release/Obj/uart_pca10040e/main.o
 .debug_macro   0x0000000000004a8e       0x94 Output/Release/Obj/uart_pca10040e/main.o
 .debug_macro   0x0000000000004b22       0x10 Output/Release/Obj/uart_pca10040e/main.o
 .debug_macro   0x0000000000004b32      0x119 Output/Release/Obj/uart_pca10040e/system_nrf52810.o
 .debug_macro   0x0000000000004c4b      0x44e Output/Release/Obj/uart_pca10040e/system_nrf52810.o
 .debug_macro   0x0000000000005099      0xa28 Output/Release/Obj/uart_pca10040e/system_nrf52810.o
 .debug_macro   0x0000000000005ac1      0x520 Output/Release/Obj/uart_pca10040e/system_nrf52810.o
 .debug_macro   0x0000000000005fe1      0x164 Output/Release/Obj/uart_pca10040e/system_nrf52810.o
 .debug_macro   0x0000000000006145       0x10 Output/Release/Obj/uart_pca10040e/system_nrf52810.o
